Component: ARM Compiler 6.16 Tool: armlink [5dfeaa00]

==============================================================================

Section Cross References

    startup_stm32l475xx.o(STACK) refers (Special) to heapauxi.o(.text) for __use_two_region_memory
    startup_stm32l475xx.o(HEAP) refers (Special) to heapauxi.o(.text) for __use_two_region_memory
    startup_stm32l475xx.o(RESET) refers (Special) to heapauxi.o(.text) for __use_two_region_memory
    startup_stm32l475xx.o(RESET) refers to startup_stm32l475xx.o(STACK) for __initial_sp
    startup_stm32l475xx.o(RESET) refers to startup_stm32l475xx.o(.text) for Reset_Handler
    startup_stm32l475xx.o(RESET) refers to stm32l4xx_it.o(.text.NMI_Handler) for NMI_Handler
    startup_stm32l475xx.o(RESET) refers to stm32l4xx_it.o(.text.HardFault_Handler) for HardFault_Handler
    startup_stm32l475xx.o(RESET) refers to stm32l4xx_it.o(.text.MemManage_Handler) for MemManage_Handler
    startup_stm32l475xx.o(RESET) refers to stm32l4xx_it.o(.text.BusFault_Handler) for BusFault_Handler
    startup_stm32l475xx.o(RESET) refers to stm32l4xx_it.o(.text.UsageFault_Handler) for UsageFault_Handler
    startup_stm32l475xx.o(RESET) refers to stm32l4xx_it.o(.text.SVC_Handler) for SVC_Handler
    startup_stm32l475xx.o(RESET) refers to stm32l4xx_it.o(.text.DebugMon_Handler) for DebugMon_Handler
    startup_stm32l475xx.o(RESET) refers to stm32l4xx_it.o(.text.PendSV_Handler) for PendSV_Handler
    startup_stm32l475xx.o(RESET) refers to stm32l4xx_it.o(.text.SysTick_Handler) for SysTick_Handler
    startup_stm32l475xx.o(RESET) refers to stm32l4xx_it.o(.text.TIM3_IRQHandler) for TIM3_IRQHandler
    startup_stm32l475xx.o(.text) refers (Special) to heapauxi.o(.text) for __use_two_region_memory
    startup_stm32l475xx.o(.text) refers to system_stm32l4xx.o(.text.SystemInit) for SystemInit
    startup_stm32l475xx.o(.text) refers to __main.o(!!!main) for __main
    startup_stm32l475xx.o(.text) refers to startup_stm32l475xx.o(HEAP) for Heap_Mem
    startup_stm32l475xx.o(.text) refers to startup_stm32l475xx.o(STACK) for Stack_Mem
    fatfs_sd.o(.text.SD_disk_initialize) refers to fatfs_sd.o(.data.Stat) for Stat
    fatfs_sd.o(.text.SD_disk_initialize) refers to fatfs_sd.o(.text.SD_PowerOn) for SD_PowerOn
    fatfs_sd.o(.text.SD_disk_initialize) refers to stm32l4xx_hal_gpio.o(.text.HAL_GPIO_WritePin) for HAL_GPIO_WritePin
    fatfs_sd.o(.text.SD_disk_initialize) refers to fatfs_sd.o(.text.SD_SendCmd) for SD_SendCmd
    fatfs_sd.o(.text.SD_disk_initialize) refers to stm32l4xx_it.o(.bss..L_MergedGlobals) for Timer1
    fatfs_sd.o(.text.SD_disk_initialize) refers to spi.o(.bss.hspi2) for hspi2
    fatfs_sd.o(.text.SD_disk_initialize) refers to stm32l4xx_hal_spi.o(.text.HAL_SPI_GetState) for HAL_SPI_GetState
    fatfs_sd.o(.text.SD_disk_initialize) refers to stm32l4xx_hal_spi.o(.text.HAL_SPI_TransmitReceive) for HAL_SPI_TransmitReceive
    fatfs_sd.o(.text.SD_disk_initialize) refers to fatfs_sd.o(.bss..L_MergedGlobals) for .L_MergedGlobals
    fatfs_sd.o(.ARM.exidx.text.SD_disk_initialize) refers to fatfs_sd.o(.text.SD_disk_initialize) for [Anonymous Symbol]
    fatfs_sd.o(.text.SD_PowerOn) refers to stm32l4xx_hal_gpio.o(.text.HAL_GPIO_WritePin) for HAL_GPIO_WritePin
    fatfs_sd.o(.text.SD_PowerOn) refers to spi.o(.bss.hspi2) for hspi2
    fatfs_sd.o(.text.SD_PowerOn) refers to stm32l4xx_hal_spi.o(.text.HAL_SPI_GetState) for HAL_SPI_GetState
    fatfs_sd.o(.text.SD_PowerOn) refers to stm32l4xx_hal_spi.o(.text.HAL_SPI_Transmit) for HAL_SPI_Transmit
    fatfs_sd.o(.text.SD_PowerOn) refers to stm32l4xx_hal_spi.o(.text.HAL_SPI_TransmitReceive) for HAL_SPI_TransmitReceive
    fatfs_sd.o(.text.SD_PowerOn) refers to fatfs_sd.o(.bss..L_MergedGlobals) for .L_MergedGlobals
    fatfs_sd.o(.ARM.exidx.text.SD_PowerOn) refers to fatfs_sd.o(.text.SD_PowerOn) for [Anonymous Symbol]
    fatfs_sd.o(.text.SD_SendCmd) refers to stm32l4xx_it.o(.bss..L_MergedGlobals) for Timer2
    fatfs_sd.o(.text.SD_SendCmd) refers to spi.o(.bss.hspi2) for hspi2
    fatfs_sd.o(.text.SD_SendCmd) refers to stm32l4xx_hal_spi.o(.text.HAL_SPI_GetState) for HAL_SPI_GetState
    fatfs_sd.o(.text.SD_SendCmd) refers to stm32l4xx_hal_spi.o(.text.HAL_SPI_TransmitReceive) for HAL_SPI_TransmitReceive
    fatfs_sd.o(.text.SD_SendCmd) refers to stm32l4xx_hal_spi.o(.text.HAL_SPI_Transmit) for HAL_SPI_Transmit
    fatfs_sd.o(.ARM.exidx.text.SD_SendCmd) refers to fatfs_sd.o(.text.SD_SendCmd) for [Anonymous Symbol]
    fatfs_sd.o(.text.SD_disk_status) refers to fatfs_sd.o(.data.Stat) for Stat
    fatfs_sd.o(.ARM.exidx.text.SD_disk_status) refers to fatfs_sd.o(.text.SD_disk_status) for [Anonymous Symbol]
    fatfs_sd.o(.text.SD_disk_read) refers to fatfs_sd.o(.data.Stat) for Stat
    fatfs_sd.o(.text.SD_disk_read) refers to fatfs_sd.o(.bss..L_MergedGlobals) for .L_MergedGlobals
    fatfs_sd.o(.text.SD_disk_read) refers to stm32l4xx_hal_gpio.o(.text.HAL_GPIO_WritePin) for HAL_GPIO_WritePin
[...]
    stm32l4xx_hal_dma.c                      0x00000000   Number         0  stm32l4xx_hal_dma.o ABSOLUTE
    stm32l4xx_hal_dma_ex.c                   0x00000000   Number         0  stm32l4xx_hal_dma_ex.o ABSOLUTE
    stm32l4xx_hal_exti.c                     0x00000000   Number         0  stm32l4xx_hal_exti.o ABSOLUTE
    stm32l4xx_hal_flash.c                    0x00000000   Number         0  stm32l4xx_hal_flash.o ABSOLUTE
    stm32l4xx_hal_flash_ex.c                 0x00000000   Number         0  stm32l4xx_hal_flash_ex.o ABSOLUTE
    stm32l4xx_hal_flash_ramfunc.c            0x00000000   Number         0  stm32l4xx_hal_flash_ramfunc.o ABSOLUTE
    stm32l4xx_hal_gpio.c                     0x00000000   Number         0  stm32l4xx_hal_gpio.o ABSOLUTE
    stm32l4xx_hal_i2c.c                      0x00000000   Number         0  stm32l4xx_hal_i2c.o ABSOLUTE
    stm32l4xx_hal_i2c_ex.c                   0x00000000   Number         0  stm32l4xx_hal_i2c_ex.o ABSOLUTE
    stm32l4xx_hal_msp.c                      0x00000000   Number         0  stm32l4xx_hal_msp.o ABSOLUTE
    stm32l4xx_hal_pwr.c                      0x00000000   Number         0  stm32l4xx_hal_pwr.o ABSOLUTE
    stm32l4xx_hal_pwr_ex.c                   0x00000000   Number         0  stm32l4xx_hal_pwr_ex.o ABSOLUTE
    stm32l4xx_hal_rcc.c                      0x00000000   Number         0  stm32l4xx_hal_rcc.o ABSOLUTE
    stm32l4xx_hal_rcc_ex.c                   0x00000000   Number         0  stm32l4xx_hal_rcc_ex.o ABSOLUTE
    stm32l4xx_hal_rtc.c                      0x00000000   Number         0  stm32l4xx_hal_rtc.o ABSOLUTE
    stm32l4xx_hal_rtc_ex.c                   0x00000000   Number         0  stm32l4xx_hal_rtc_ex.o ABSOLUTE
    stm32l4xx_hal_spi.c                      0x00000000   Number         0  stm32l4xx_hal_spi.o ABSOLUTE
    stm32l4xx_hal_spi_ex.c                   0x00000000   Number         0  stm32l4xx_hal_spi_ex.o ABSOLUTE
    stm32l4xx_hal_tim.c                      0x00000000   Number         0  stm32l4xx_hal_tim.o ABSOLUTE
    stm32l4xx_hal_tim_ex.c                   0x00000000   Number         0  stm32l4xx_hal_tim_ex.o ABSOLUTE
    stm32l4xx_hal_uart.c                     0x00000000   Number         0  stm32l4xx_hal_uart.o ABSOLUTE
    stm32l4xx_hal_uart_ex.c                  0x00000000   Number         0  stm32l4xx_hal_uart_ex.o ABSOLUTE
    stm32l4xx_it.c                           0x00000000   Number         0  stm32l4xx_it.o ABSOLUTE
    syscall.c                                0x00000000   Number         0  syscall.o ABSOLUTE
    system_stm32l4xx.c                       0x00000000   Number         0  system_stm32l4xx.o ABSOLUTE
    tim.c                                    0x00000000   Number         0  tim.o ABSOLUTE
    usart.c                                  0x00000000   Number         0  usart.o ABSOLUTE
    user_diskio.c                            0x00000000   Number         0  user_diskio.o ABSOLUTE
    RESET                                    0x08000000   Section      392  startup_stm32l475xx.o(RESET)
    !!!main                                  0x08000188   Section        8  __main.o(!!!main)
    !!!scatter                               0x08000190   Section       52  __scatter.o(!!!scatter)
    !!handler_copy                           0x080001c4   Section       26  __scatter_copy.o(!!handler_copy)
    !!handler_zi                             0x080001e0   Section       28  __scatter_zi.o(!!handler_zi)
    .ARM.Collect$$libinit$$00000000          0x080001fc   Section        2  libinit.o(.ARM.Collect$$libinit$$00000000)
    .ARM.Collect$$libinit$$00000001          0x080001fe   Section        4  libinit2.o(.ARM.Collect$$libinit$$00000001)
    .ARM.Collect$$libinit$$00000004          0x08000202   Section        0  libinit2.o(.ARM.Collect$$libinit$$00000004)
    .ARM.Collect$$libinit$$0000000A          0x08000202   Section        0  libinit2.o(.ARM.Collect$$libinit$$0000000A)
    .ARM.Collect$$libinit$$0000000C          0x08000202   Section        0  libinit2.o(.ARM.Collect$$libinit$$0000000C)
    .ARM.Collect$$libinit$$0000000E          0x08000202   Section        0  libinit2.o(.ARM.Collect$$libinit$$0000000E)
    .ARM.Collect$$libinit$$00000011          0x08000202   Section        0  libinit2.o(.ARM.Collect$$libinit$$00000011)
    .ARM.Collect$$libinit$$00000013          0x08000202   Section        0  libinit2.o(.ARM.Collect$$libinit$$00000013)
    .ARM.Collect$$libinit$$00000015          0x08000202   Section        0  libinit2.o(.ARM.Collect$$libinit$$00000015)
    .ARM.Collect$$libinit$$00000017          0x08000202   Section        0  libinit2.o(.ARM.Collect$$libinit$$00000017)
    .ARM.Collect$$libinit$$00000019          0x08000202   Section        0  libinit2.o(.ARM.Collect$$libinit$$00000019)
    .ARM.Collect$$libinit$$0000001B          0x08000202   Section        0  libinit2.o(.ARM.Collect$$libinit$$0000001B)
    .ARM.Collect$$libinit$$0000001D          0x08000202   Section        0  libinit2.o(.ARM.Collect$$libinit$$0000001D)
    .ARM.Collect$$libinit$$0000001F          0x08000202   Section        0  libinit2.o(.ARM.Collect$$libinit$$0000001F)
    .ARM.Collect$$libinit$$00000021          0x08000202   Section        0  libinit2.o(.ARM.Collect$$libinit$$00000021)
    .ARM.Collect$$libinit$$00000023          0x08000202   Section        0  libinit2.o(.ARM.Collect$$libinit$$00000023)
    .ARM.Collect$$libinit$$00000025          0x08000202   Section        0  libinit2.o(.ARM.Collect$$libinit$$00000025)
    .ARM.Collect$$libinit$$0000002C          0x08000202   Section        0  libinit2.o(.ARM.Collect$$libinit$$0000002C)
    .ARM.Collect$$libinit$$0000002E          0x08000202   Section        0  libinit2.o(.ARM.Collect$$libinit$$0000002E)
    .ARM.Collect$$libinit$$00000030          0x08000202   Section        0  libinit2.o(.ARM.Collect$$libinit$$00000030)
    .ARM.Collect$$libinit$$00000032          0x08000202   Section        0  libinit2.o(.ARM.Collect$$libinit$$00000032)
    .ARM.Collect$$libinit$$00000033          0x08000202   Section        2  libinit2.o(.ARM.Collect$$libinit$$00000033)
    .ARM.Collect$$libshutdown$$00000000      0x08000204   Section        2  libshutdown.o(.ARM.Collect$$libshutdown$$00000000)
    .ARM.Collect$$libshutdown$$00000002      0x08000206   Section        0  libshutdown2.o(.ARM.Collect$$libshutdown$$00000002)
    .ARM.Collect$$libshutdown$$00000004      0x08000206   Section        0  libshutdown2.o(.ARM.Collect$$libshutdown$$00000004)
    .ARM.Collect$$libshutdown$$00000007      0x08000206   Section        0  libshutdown2.o(.ARM.Collect$$libshutdown$$00000007)
    .ARM.Collect$$libshutdown$$0000000A      0x08000206   Section        0  libshutdown2.o(.ARM.Collect$$libshutdown$$0000000A)
    .ARM.Collect$$libshutdown$$0000000C      0x08000206   Section        0  libshutdown2.o(.ARM.Collect$$libshutdown$$0000000C)
    .ARM.Collect$$libshutdown$$0000000F      0x08000206   Section        0  libshutdown2.o(.ARM.Collect$$libshutdown$$0000000F)
    .ARM.Collect$$libshutdown$$00000010      0x08000206   Section        2  libshutdown2.o(.ARM.Collect$$libshutdown$$00000010)
    .ARM.Collect$$rtentry$$00000000          0x08000208   Section        0  __rtentry.o(.ARM.Collect$$rtentry$$00000000)
    .ARM.Collect$$rtentry$$00000002          0x08000208   Section        0  __rtentry2.o(.ARM.Collect$$rtentry$$00000002)
    .ARM.Collect$$rtentry$$00000004          0x08000208   Section        6  __rtentry4.o(.ARM.Collect$$rtentry$$00000004)
    .ARM.Collect$$rtentry$$00000009          0x0800020e   Section        0  __rtentry2.o(.ARM.Collect$$rtentry$$00000009)
    .ARM.Collect$$rtentry$$0000000A          0x0800020e   Section        4  __rtentry2.o(.ARM.Collect$$rtentry$$0000000A)
    .ARM.Collect$$rtentry$$0000000C          0x08000212   Section        0  __rtentry2.o(.ARM.Collect$$rtentry$$0000000C)
    .ARM.Collect$$rtentry$$0000000D          0x08000212   Section        8  __rtentry2.o(.ARM.Collect$$rtentry$$0000000D)
    .ARM.Collect$$rtexit$$00000000           0x0800021a   Section        2  rtexit.o(.ARM.Collect$$rtexit$$00000000)
    .ARM.Collect$$rtexit$$00000002           0x0800021c   Section        0  rtexit2.o(.ARM.Collect$$rtexit$$00000002)
    .ARM.Collect$$rtexit$$00000003           0x0800021c   Section        4  rtexit2.o(.ARM.Collect$$rtexit$$00000003)
    .ARM.Collect$$rtexit$$00000004           0x08000220   Section        6  rtexit2.o(.ARM.Collect$$rtexit$$00000004)
    $v0                                      0x08000228   Number         0  startup_stm32l475xx.o(.text)
    .text                                    0x08000228   Section       64  startup_stm32l475xx.o(.text)
    .text                                    0x08000268   Section      240  lludivv7m.o(.text)
    .text                                    0x08000358   Section       68  rt_memclr.o(.text)
    .text                                    0x0800039c   Section       78  rt_memclr_w.o(.text)
    .text                                    0x080003ea   Section        0  heapauxi.o(.text)
    .text                                    0x080003f0   Section       74  sys_stackheap_outer.o(.text)
    .text                                    0x0800043a   Section        0  exit.o(.text)
    .text                                    0x0800044c   Section        8  libspace.o(.text)
    .text                                    0x08000454   Section        0  sys_exit.o(.text)
    .text                                    0x08000460   Section        2  use_no_semi.o(.text)
    .text                                    0x08000462   Section        0  indicate_semi.o(.text)
    [Anonymous Symbol]                       0x08000464   Section        0  stm32l4xx_it.o(.text.BusFault_Handler)
    [Anonymous Symbol]                       0x08000468   Section        0  stm32l4xx_it.o(.text.DebugMon_Handler)
    [Anonymous Symbol]                       0x0800046c   Section        0  main.o(.text.Error_Handler)
    [Anonymous Symbol]                       0x08000478   Section        0  ff_gen_drv.o(.text.FATFS_LinkDriver)
    [Anonymous Symbol]                       0x080004c4   Section        0  stm32l4xx_hal_gpio.o(.text.HAL_GPIO_Init)
    [Anonymous Symbol]                       0x080006c4   Section        0  stm32l4xx_hal_gpio.o(.text.HAL_GPIO_WritePin)
    [Anonymous Symbol]                       0x080006d0   Section        0  stm32l4xx_hal.o(.text.HAL_GetTick)
    [Anonymous Symbol]                       0x080006dc   Section        0  stm32l4xx_hal.o(.text.HAL_IncTick)
    [Anonymous Symbol]                       0x080006f8   Section        0  stm32l4xx_hal.o(.text.HAL_Init)
    [Anonymous Symbol]                       0x08000718   Section        0  stm32l4xx_hal.o(.text.HAL_InitTick)
    [Anonymous Symbol]                       0x08000768   Section        0  stm32l4xx_hal_msp.o(.text.HAL_MspInit)
    [Anonymous Symbol]                       0x0800079c   Section        0  stm32l4xx_hal_cortex.o(.text.HAL_NVIC_EnableIRQ)
    [Anonymous Symbol]                       0x080007bc   Section        0  stm32l4xx_hal_cortex.o(.text.HAL_NVIC_SetPriority)
    [Anonymous Symbol]                       0x08000814   Section        0  stm32l4xx_hal_cortex.o(.text.HAL_NVIC_SetPriorityGrouping)
    [Anonymous Symbol]                       0x08000834   Section        0  stm32l4xx_hal_pwr_ex.o(.text.HAL_PWREx_ControlVoltageScaling)
    [Anonymous Symbol]                       0x080008cc   Section        0  stm32l4xx_hal_pwr_ex.o(.text.HAL_PWREx_GetVoltageRange)
    [Anonymous Symbol]                       0x080008dc   Section        0  stm32l4xx_hal_pwr.o(.text.HAL_PWR_EnableBkUpAccess)
    [Anonymous Symbol]                       0x080008f0   Section        0  stm32l4xx_hal_rcc_ex.o(.text.HAL_RCCEx_EnableMSIPLLMode)
    [Anonymous Symbol]                       0x08000904   Section        0  stm32l4xx_hal_rcc_ex.o(.text.HAL_RCCEx_PeriphCLKConfig)
    [Anonymous Symbol]                       0x08000ce8   Section        0  stm32l4xx_hal_rcc.o(.text.HAL_RCC_ClockConfig)
    [Anonymous Symbol]                       0x08000f64   Section        0  stm32l4xx_hal_rcc.o(.text.HAL_RCC_GetPCLK1Freq)
    [Anonymous Symbol]                       0x08000f90   Section        0  stm32l4xx_hal_rcc.o(.text.HAL_RCC_GetPCLK2Freq)
    [Anonymous Symbol]                       0x08000fbc   Section        0  stm32l4xx_hal_rcc.o(.text.HAL_RCC_GetSysClockFreq)
    [Anonymous Symbol]                       0x08001080   Section        0  stm32l4xx_hal_rcc.o(.text.HAL_RCC_OscConfig)
    [Anonymous Symbol]                       0x080017f4   Section        0  stm32l4xx_hal_rtc.o(.text.HAL_RTC_Init)
    [Anonymous Symbol]                       0x080018c8   Section        0  rtc.o(.text.HAL_RTC_MspInit)
    [Anonymous Symbol]                       0x0800191c   Section        0  stm32l4xx_hal_rtc.o(.text.HAL_RTC_SetDate)
    [Anonymous Symbol]                       0x08001a68   Section        0  stm32l4xx_hal_rtc.o(.text.HAL_RTC_SetTime)
    [Anonymous Symbol]                       0x08001bec   Section        0  stm32l4xx_hal_spi.o(.text.HAL_SPI_GetState)
    [Anonymous Symbol]                       0x08001bf4   Section        0  stm32l4xx_hal_spi.o(.text.HAL_SPI_Init)
    [Anonymous Symbol]                       0x08001cd0   Section        0  spi.o(.text.HAL_SPI_MspInit)
    [Anonymous Symbol]                       0x08001d3c   Section        0  stm32l4xx_hal_spi.o(.text.HAL_SPI_Transmit)
    [Anonymous Symbol]                       0x08001f8c   Section        0  stm32l4xx_hal_spi.o(.text.HAL_SPI_TransmitReceive)
    [Anonymous Symbol]                       0x08002314   Section        0  stm32l4xx_hal_cortex.o(.text.HAL_SYSTICK_Config)
    [Anonymous Symbol]                       0x08002340   Section        0  stm32l4xx_hal_tim_ex.o(.text.HAL_TIMEx_Break2Callback)
    [Anonymous Symbol]                       0x08002344   Section        0  stm32l4xx_hal_tim_ex.o(.text.HAL_TIMEx_BreakCallback)
    [Anonymous Symbol]                       0x08002348   Section        0  stm32l4xx_hal_tim_ex.o(.text.HAL_TIMEx_CommutCallback)
    [Anonymous Symbol]                       0x0800234c   Section        0  stm32l4xx_hal_tim_ex.o(.text.HAL_TIMEx_MasterConfigSynchronization)
    [Anonymous Symbol]                       0x0800240c   Section        0  stm32l4xx_hal_tim.o(.text.HAL_TIM_Base_Init)
    [Anonymous Symbol]                       0x08002470   Section        0  tim.o(.text.HAL_TIM_Base_MspInit)
    [Anonymous Symbol]                       0x080024b8   Section        0  stm32l4xx_hal_tim.o(.text.HAL_TIM_ConfigClockSource)
    [Anonymous Symbol]                       0x08002654   Section        0  stm32l4xx_hal_tim.o(.text.HAL_TIM_IC_CaptureCallback)
    [Anonymous Symbol]                       0x08002658   Section        0  stm32l4xx_hal_tim.o(.text.HAL_TIM_IRQHandler)
    [Anonymous Symbol]                       0x080027e4   Section        0  stm32l4xx_hal_tim.o(.text.HAL_TIM_OC_DelayElapsedCallback)
    [Anonymous Symbol]                       0x080027e8   Section        0  stm32l4xx_hal_tim.o(.text.HAL_TIM_PWM_PulseFinishedCallback)
    [Anonymous Symbol]                       0x080027ec   Section        0  stm32l4xx_hal_tim.o(.text.HAL_TIM_PeriodElapsedCallback)
    [Anonymous Symbol]                       0x080027f0   Section        0  stm32l4xx_hal_tim.o(.text.HAL_TIM_TriggerCallback)
    [Anonymous Symbol]                       0x080027f4   Section        0  stm32l4xx_hal_uart.o(.text.HAL_UART_Init)
    [Anonymous Symbol]                       0x080028b8   Section        0  usart.o(.text.HAL_UART_MspInit)
    [Anonymous Symbol]                       0x08002950   Section        0  stm32l4xx_hal_uart.o(.text.HAL_UART_Transmit)
    [Anonymous Symbol]                       0x08002a28   Section        0  stm32l4xx_it.o(.text.HardFault_Handler)
    [Anonymous Symbol]                       0x08002a2c   Section        0  fatfs.o(.text.MX_FATFS_Init)
    [Anonymous Symbol]                       0x08002a48   Section        0  gpio.o(.text.MX_GPIO_Init)
    [Anonymous Symbol]                       0x08002b3c   Section        0  rtc.o(.text.MX_RTC_Init)
    [Anonymous Symbol]                       0x08002bc4   Section        0  spi.o(.text.MX_SPI2_Init)
    [Anonymous Symbol]                       0x08002c14   Section        0  tim.o(.text.MX_TIM3_Init)
    [Anonymous Symbol]                       0x08002c90   Section        0  usart.o(.text.MX_USART1_UART_Init)
    [Anonymous Symbol]                       0x08002cd0   Section        0  stm32l4xx_it.o(.text.MemManage_Handler)
    [Anonymous Symbol]                       0x08002cd4   Section        0  stm32l4xx_it.o(.text.NMI_Handler)
    [Anonymous Symbol]                       0x08002cd8   Section        0  stm32l4xx_it.o(.text.PendSV_Handler)
    RCCEx_PLLSAI1_Config                     0x08002cdd   Thumb Code   366  stm32l4xx_hal_rcc_ex.o(.text.RCCEx_PLLSAI1_Config)
    [Anonymous Symbol]                       0x08002cdc   Section        0  stm32l4xx_hal_rcc_ex.o(.text.RCCEx_PLLSAI1_Config)
    RCCEx_PLLSAI2_Config                     0x08002e4d   Thumb Code   326  stm32l4xx_hal_rcc_ex.o(.text.RCCEx_PLLSAI2_Config)
    [Anonymous Symbol]                       0x08002e4c   Section        0  stm32l4xx_hal_rcc_ex.o(.text.RCCEx_PLLSAI2_Config)
    [Anonymous Symbol]                       0x08002f94   Section        0  stm32l4xx_hal_rtc.o(.text.RTC_ExitInitMode)
    SD_PowerOn                               0x08003029   Thumb Code   834  fatfs_sd.o(.text.SD_PowerOn)
    [Anonymous Symbol]                       0x08003028   Section        0  fatfs_sd.o(.text.SD_PowerOn)
    SD_ReadyWait                             0x08003371   Thumb Code   164  fatfs_sd.o(.text.SD_ReadyWait)
    [Anonymous Symbol]                       0x08003370   Section        0  fatfs_sd.o(.text.SD_ReadyWait)
    SD_SendCmd                               0x08003415   Thumb Code   576  fatfs_sd.o(.text.SD_SendCmd)
    [Anonymous Symbol]                       0x08003414   Section        0  fatfs_sd.o(.text.SD_SendCmd)
    SD_TxDataBlock                           0x0800365d   Thumb Code   440  fatfs_sd.o(.text.SD_TxDataBlock)
    [Anonymous Symbol]                       0x0800365c   Section        0  fatfs_sd.o(.text.SD_TxDataBlock)
    [Anonymous Symbol]                       0x0800381c   Section        0  fatfs_sd.o(.text.SD_disk_initialize)
    [Anonymous Symbol]                       0x08003b5c   Section        0  fatfs_sd.o(.text.SD_disk_ioctl)
    [Anonymous Symbol]                       0x08004bd0   Section        0  fatfs_sd.o(.text.SD_disk_read)
    [Anonymous Symbol]                       0x08004f70   Section        0  fatfs_sd.o(.text.SD_disk_status)
    [Anonymous Symbol]                       0x08004f84   Section        0  fatfs_sd.o(.text.SD_disk_write)
    SPI_WaitFifoStateUntilTimeout            0x0800515d   Thumb Code   326  stm32l4xx_hal_spi.o(.text.SPI_WaitFifoStateUntilTimeout)
    [Anonymous Symbol]                       0x0800515c   Section        0  stm32l4xx_hal_spi.o(.text.SPI_WaitFifoStateUntilTimeout)
    SPI_WaitFlagStateUntilTimeout            0x080052a5   Thumb Code   206  stm32l4xx_hal_spi.o(.text.SPI_WaitFlagStateUntilTimeout)
    [Anonymous Symbol]                       0x080052a4   Section        0  stm32l4xx_hal_spi.o(.text.SPI_WaitFlagStateUntilTimeout)
    [Anonymous Symbol]                       0x08005374   Section        0  stm32l4xx_it.o(.text.SVC_Handler)
    [Anonymous Symbol]                       0x08005378   Section        0  stm32l4xx_it.o(.text.SysTick_Handler)
    [Anonymous Symbol]                       0x080053b0   Section        0  main.o(.text.SystemClock_Config)
    [Anonymous Symbol]                       0x08005458   Section        0  system_stm32l4xx.o(.text.SystemInit)
    [Anonymous Symbol]                       0x0800546c   Section        0  stm32l4xx_it.o(.text.TIM3_IRQHandler)
    [Anonymous Symbol]                       0x08005478   Section        0  stm32l4xx_hal_tim.o(.text.TIM_Base_SetConfig)
    [Anonymous Symbol]                       0x080055b8   Section        0  stm32l4xx_hal_uart.o(.text.UART_AdvFeatureConfig)
    [Anonymous Symbol]                       0x080056a0   Section        0  stm32l4xx_hal_uart.o(.text.UART_SetConfig)
    [Anonymous Symbol]                       0x08005914   Section        0  stm32l4xx_hal_uart.o(.text.UART_WaitOnFlagUntilTimeout)
    [Anonymous Symbol]                       0x08005b20   Section        0  user_diskio.o(.text.USER_initialize)
    [Anonymous Symbol]                       0x08005b24   Section        0  user_diskio.o(.text.USER_ioctl)
    [Anonymous Symbol]                       0x08005b28   Section        0  user_diskio.o(.text.USER_read)
    [Anonymous Symbol]                       0x08005b2c   Section        0  user_diskio.o(.text.USER_status)
    [Anonymous Symbol]                       0x08005b30   Section        0  user_diskio.o(.text.USER_write)
    [Anonymous Symbol]                       0x08005b34   Section        0  stm32l4xx_it.o(.text.UsageFault_Handler)
    create_chain                             0x08005b39   Thumb Code   282  ff.o(.text.create_chain)
    [Anonymous Symbol]                       0x08005b38   Section        0  ff.o(.text.create_chain)
    dir_next                                 0x08005c55   Thumb Code   624  ff.o(.text.dir_next)
    [Anonymous Symbol]                       0x08005c54   Section        0  ff.o(.text.dir_next)
    dir_register                             0x08005ecd   Thumb Code   574  ff.o(.text.dir_register)
    [Anonymous Symbol]                       0x08005ecc   Section        0  ff.o(.text.dir_register)
    [Anonymous Symbol]                       0x0800610c   Section        0  diskio.o(.text.disk_initialize)
    [Anonymous Symbol]                       0x08006130   Section        0  diskio.o(.text.disk_ioctl)
    [Anonymous Symbol]                       0x08006148   Section        0  diskio.o(.text.disk_read)
    [Anonymous Symbol]                       0x08006168   Section        0  diskio.o(.text.disk_status)
    [Anonymous Symbol]                       0x08006180   Section        0  diskio.o(.text.disk_write)
    [Anonymous Symbol]                       0x080061a0   Section        0  ff.o(.text.f_close)
    [Anonymous Symbol]                       0x08006208   Section        0  ff.o(.text.f_mount)
    [Anonymous Symbol]                       0x08006328   Section        0  ff.o(.text.f_open)
    [Anonymous Symbol]                       0x080067d4   Section        0  ff.o(.text.f_sync)
    [Anonymous Symbol]                       0x08006920   Section        0  ff.o(.text.f_write)
    find_volume                              0x08006c69   Thumb Code  1710  ff.o(.text.find_volume)
    [Anonymous Symbol]                       0x08006c68   Section        0  ff.o(.text.find_volume)
    follow_path                              0x0800731d   Thumb Code  1306  ff.o(.text.follow_path)
    [Anonymous Symbol]                       0x0800731c   Section        0  ff.o(.text.follow_path)
    get_fat                                  0x0800783d   Thumb Code   762  ff.o(.text.get_fat)
    [Anonymous Symbol]                       0x0800783c   Section        0  ff.o(.text.get_fat)
    [Anonymous Symbol]                       0x08007b3c   Section        0  fatfs.o(.text.get_fattime)
    [Anonymous Symbol]                       0x08007b40   Section        0  main.o(.text.main)
    printf_fatfs_error                       0x08007c85   Thumb Code   660  main.o(.text.printf_fatfs_error)
    [Anonymous Symbol]                       0x08007c84   Section        0  main.o(.text.printf_fatfs_error)
    put_fat                                  0x08007fa9   Thumb Code   872  ff.o(.text.put_fat)
    [Anonymous Symbol]                       0x08007fa8   Section        0  ff.o(.text.put_fat)
    sync_fs                                  0x08008319   Thumb Code   204  ff.o(.text.sync_fs)
    [Anonymous Symbol]                       0x08008318   Section        0  ff.o(.text.sync_fs)
    $v0                                      0x080083e4   Number         0  fpinit.o(x$fpl$fpinit)
    x$fpl$fpinit                             0x080083e4   Section       26  fpinit.o(x$fpl$fpinit)
    ExCvt                                    0x08008416   Data         128  ff.o(.rodata.ExCvt)
    [Anonymous Symbol]                       0x08008416   Section        0  ff.o(.rodata.ExCvt)
    .Lswitch.table.UART_SetConfig.5          0x080084c8   Data          16  stm32l4xx_hal_uart.o(.rodata.cst16)
    .L.str.4                                 0x080084d8   Data          48  main.o(.rodata.str1.1)
    [Anonymous Symbol]                       0x080084d8   Section        0  main.o(.rodata.str1.1)
    .L.str.17                                0x08008508   Data          28  main.o(.rodata.str1.1)
    .L.str.7                                 0x08008524   Data          17  main.o(.rodata.str1.1)
    .L.str.15                                0x08008535   Data          38  main.o(.rodata.str1.1)
    .L.str.16                                0x0800855b   Data          36  main.o(.rodata.str1.1)
    .L.str.11                                0x0800857f   Data          32  main.o(.rodata.str1.1)
    .L.str.14                                0x0800859f   Data          37  main.o(.rodata.str1.1)
    .L.str.20                                0x080085c4   Data          65  main.o(.rodata.str1.1)
    .L.str.9                                 0x08008605   Data          24  main.o(.rodata.str1.1)
    .L.str.10                                0x0800861d   Data          24  main.o(.rodata.str1.1)
    .L.str.8                                 0x08008635   Data          31  main.o(.rodata.str1.1)
    .L.str.12                                0x08008654   Data          57  main.o(.rodata.str1.1)
    .L.str.19                                0x0800868d   Data          40  main.o(.rodata.str1.1)
    .L.str.6                                 0x080086b5   Data          54  main.o(.rodata.str1.1)
    .L.str.13                                0x080086eb   Data          39  main.o(.rodata.str1.1)
    .L.str.21                                0x08008712   Data          63  main.o(.rodata.str1.1)
    .L.str.3                                 0x08008751   Data          15  ff.o(.rodata.str1.1)
    [Anonymous Symbol]                       0x08008751   Section        0  ff.o(.rodata.str1.1)
    .L_MergedGlobals                         0x20000000   Data           8  stm32l4xx_hal.o(.data..L_MergedGlobals)
    [Anonymous Symbol]                       0x20000000   Section        0  stm32l4xx_hal.o(.data..L_MergedGlobals)
    Stat                                     0x20000008   Data           1  fatfs_sd.o(.data.Stat)
    [Anonymous Symbol]                       0x20000008   Section        0  fatfs_sd.o(.data.Stat)
    .bss                                     0x20000028   Section       96  libspace.o(.bss)
    .L_MergedGlobals                         0x20000088   Data           2  fatfs_sd.o(.bss..L_MergedGlobals)
    CardType                                 0x20000088   Data           1  fatfs_sd.o(.bss..L_MergedGlobals)
    [Anonymous Symbol]                       0x20000088   Section        0  fatfs_sd.o(.bss..L_MergedGlobals)
    PowerFlag                                0x20000089   Data           1  fatfs_sd.o(.bss..L_MergedGlobals)
    .L_MergedGlobals                         0x2000008c   Data           8  main.o(.bss..L_MergedGlobals)
    [Anonymous Symbol]                       0x2000008c   Section        0  main.o(.bss..L_MergedGlobals)
    .L_MergedGlobals                         0x20000094   Data           6  stm32l4xx_it.o(.bss..L_MergedGlobals)
    [Anonymous Symbol]                       0x20000094   Section        0  stm32l4xx_it.o(.bss..L_MergedGlobals)
    .L_MergedGlobals                         0x2000009a   Data           5  fatfs.o(.bss..L_MergedGlobals)
    [Anonymous Symbol]                       0x2000009a   Section        0  fatfs.o(.bss..L_MergedGlobals)
    .L_MergedGlobals                         0x200000a0   Data          40  ff.o(.bss..L_MergedGlobals)
    Fsid                                     0x200000a0   Data           2  ff.o(.bss..L_MergedGlobals)
    [Anonymous Symbol]                       0x200000a0   Section        0  ff.o(.bss..L_MergedGlobals)
    FatFs.0                                  0x200000a4   Data           4  ff.o(.bss..L_MergedGlobals)
    Files                                    0x200000a8   Data          32  ff.o(.bss..L_MergedGlobals)
    Heap_Mem                                 0x20002298   Data         512  startup_stm32l475xx.o(HEAP)
    HEAP                                     0x20002298   Section      512  startup_stm32l475xx.o(HEAP)
    Stack_Mem                                0x20002498   Data        1024  startup_stm32l475xx.o(STACK)
    STACK                                    0x20002498   Section     1024  startup_stm32l475xx.o(STACK)
    __initial_sp                             0x20002898   Data           0  startup_stm32l475xx.o(STACK)

    Global Symbols

    Symbol Name                              Value     Ov Type        Size  Object(Section)

    BuildAttributes$$THM_ISAv4$E$P$D$K$B$S$7EM$VFPi3$EXTD16$VFPS$VFMA$PE$A:L22UL41UL21$X:L11$S22US41US21$IEEE1$IW$~IW$USESV6$~STKCKD$USESV7$~SHL$OTIME$ROPI$EBA8$UX$STANDARDLIB$REQ8$PRES8$EABIv2 0x00000000   Number         0  anon$$obj.o ABSOLUTE
    __ARM_exceptions_init                     - Undefined Weak Reference
    __alloca_initialize                       - Undefined Weak Reference
    __arm_preinit_                            - Undefined Weak Reference
    __cpp_initialize__aeabi_                  - Undefined Weak Reference
    __cxa_finalize                            - Undefined Weak Reference
    __rt_locale                               - Undefined Weak Reference
    __sigvec_lookup                           - Undefined Weak Reference
    _atexit_init                              - Undefined Weak Reference
    _call_atexit_fns                          - Undefined Weak Reference
    _clock_init                               - Undefined Weak Reference
    _fp_trap_init                             - Undefined Weak Reference
    _fp_trap_shutdown                         - Undefined Weak Reference
    _get_lc_collate                           - Undefined Weak Reference
    _get_lc_ctype                             - Undefined Weak Reference
    _get_lc_monetary                          - Undefined Weak Reference
    _get_lc_numeric                           - Undefined Weak Reference
    _get_lc_time                              - Undefined Weak Reference
    _getenv_init                              - Undefined Weak Reference
    _handle_redirection                       - Undefined Weak Reference
    _init_alloc                               - Undefined Weak Reference
    _init_user_alloc                          - Undefined Weak Reference
    _initio                                   - Undefined Weak Reference
    _rand_init                                - Undefined Weak Reference
    _signal_finish                            - Undefined Weak Reference
    _signal_init                              - Undefined Weak Reference
    _terminate_alloc                          - Undefined Weak Reference
    _terminate_user_alloc                     - Undefined Weak Reference
    _terminateio                              - Undefined Weak Reference
    __Vectors_Size                           0x00000188   Number         0  startup_stm32l475xx.o ABSOLUTE
    __Vectors                                0x08000000   Data           4  startup_stm32l475xx.o(RESET)
    __Vectors_End                            0x08000188   Data           0  startup_stm32l475xx.o(RESET)
    __main                                   0x08000189   Thumb Code     8  __main.o(!!!main)
    __scatterload                            0x08000191   Thumb Code     0  __scatter.o(!!!scatter)
    __scatterload_rt2                        0x08000191   Thumb Code    44  __scatter.o(!!!scatter)
    __scatterload_rt2_thumb_only             0x08000191   Thumb Code     0  __scatter.o(!!!scatter)
    __scatterload_null                       0x0800019f   Thumb Code     0  __scatter.o(!!!scatter)
    __scatterload_copy                       0x080001c5   Thumb Code    26  __scatter_copy.o(!!handler_copy)
    __scatterload_zeroinit                   0x080001e1   Thumb Code    28  __scatter_zi.o(!!handler_zi)
    __rt_lib_init                            0x080001fd   Thumb Code     0  libinit.o(.ARM.Collect$$libinit$$00000000)
    __rt_lib_init_fp_1                       0x080001ff   Thumb Code     0  libinit2.o(.ARM.Collect$$libinit$$00000001)
    __rt_lib_init_alloca_1                   0x08000203   Thumb Code     0  libinit2.o(.ARM.Collect$$libinit$$0000002E)
    __rt_lib_init_argv_1                     0x08000203   Thumb Code     0  libinit2.o(.ARM.Collect$$libinit$$0000002C)
    __rt_lib_init_atexit_1                   0x08000203   Thumb Code     0  libinit2.o(.ARM.Collect$$libinit$$0000001B)
    __rt_lib_init_clock_1                    0x08000203   Thumb Code     0  libinit2.o(.ARM.Collect$$libinit$$00000021)
    __rt_lib_init_cpp_1                      0x08000203   Thumb Code     0  libinit2.o(.ARM.Collect$$libinit$$00000032)
    __rt_lib_init_exceptions_1               0x08000203   Thumb Code     0  libinit2.o(.ARM.Collect$$libinit$$00000030)
    __rt_lib_init_fp_trap_1                  0x08000203   Thumb Code     0  libinit2.o(.ARM.Collect$$libinit$$0000001F)
    __rt_lib_init_getenv_1                   0x08000203   Thumb Code     0  libinit2.o(.ARM.Collect$$libinit$$00000023)
    __rt_lib_init_heap_1                     0x08000203   Thumb Code     0  libinit2.o(.ARM.Collect$$libinit$$0000000A)
    __rt_lib_init_lc_collate_1               0x08000203   Thumb Code     0  libinit2.o(.ARM.Collect$$libinit$$00000011)
    __rt_lib_init_lc_ctype_1                 0x08000203   Thumb Code     0  libinit2.o(.ARM.Collect$$libinit$$00000013)
    __rt_lib_init_lc_monetary_1              0x08000203   Thumb Code     0  libinit2.o(.ARM.Collect$$libinit$$00000015)
    __rt_lib_init_lc_numeric_1               0x08000203   Thumb Code     0  libinit2.o(.ARM.Collect$$libinit$$00000017)
    __rt_lib_init_lc_time_1                  0x08000203   Thumb Code     0  libinit2.o(.ARM.Collect$$libinit$$00000019)
    __rt_lib_init_preinit_1                  0x08000203   Thumb Code     0  libinit2.o(.ARM.Collect$$libinit$$00000004)
    __rt_lib_init_rand_1                     0x08000203   Thumb Code     0  libinit2.o(.ARM.Collect$$libinit$$0000000E)
    __rt_lib_init_return                     0x08000203   Thumb Code     0  libinit2.o(.ARM.Collect$$libinit$$00000033)
    __rt_lib_init_signal_1                   0x08000203   Thumb Code     0  libinit2.o(.ARM.Collect$$libinit$$0000001D)
    __rt_lib_init_stdio_1                    0x08000203   Thumb Code     0  libinit2.o(.ARM.Collect$$libinit$$00000025)
    __rt_lib_init_user_alloc_1               0x08000203   Thumb Code     0  libinit2.o(.ARM.Collect$$libinit$$0000000C)
    __rt_lib_shutdown                        0x08000205   Thumb Code     0  libshutdown.o(.ARM.Collect$$libshutdown$$00000000)
    __rt_lib_shutdown_cpp_1                  0x08000207   Thumb Code     0  libshutdown2.o(.ARM.Collect$$libshutdown$$00000002)
    __rt_lib_shutdown_fp_trap_1              0x08000207   Thumb Code     0  libshutdown2.o(.ARM.Collect$$libshutdown$$00000007)
    __rt_lib_shutdown_heap_1                 0x08000207   Thumb Code     0  libshutdown2.o(.ARM.Collect$$libshutdown$$0000000F)
    __rt_lib_shutdown_return                 0x08000207   Thumb Code     0  libshutdown2.o(.ARM.Collect$$libshutdown$$00000010)
    __rt_lib_shutdown_signal_1               0x08000207   Thumb Code     0  libshutdown2.o(.ARM.Collect$$libshutdown$$0000000A)
    __rt_lib_shutdown_stdio_1                0x08000207   Thumb Code     0  libshutdown2.o(.ARM.Collect$$libshutdown$$00000004)
    __rt_lib_shutdown_user_alloc_1           0x08000207   Thumb Code     0  libshutdown2.o(.ARM.Collect$$libshutdown$$0000000C)
    __rt_entry                               0x08000209   Thumb Code     0  __rtentry.o(.ARM.Collect$$rtentry$$00000000)
    __rt_entry_presh_1                       0x08000209   Thumb Code     0  __rtentry2.o(.ARM.Collect$$rtentry$$00000002)
    __rt_entry_sh                            0x08000209   Thumb Code     0  __rtentry4.o(.ARM.Collect$$rtentry$$00000004)
    __rt_entry_li                            0x0800020f   Thumb Code     0  __rtentry2.o(.ARM.Collect$$rtentry$$0000000A)
    __rt_entry_postsh_1                      0x0800020f   Thumb Code     0  __rtentry2.o(.ARM.Collect$$rtentry$$00000009)
    __rt_entry_main                          0x08000213   Thumb Code     0  __rtentry2.o(.ARM.Collect$$rtentry$$0000000D)
    __rt_entry_postli_1                      0x08000213   Thumb Code     0  __rtentry2.o(.ARM.Collect$$rtentry$$0000000C)
    __rt_exit                                0x0800021b   Thumb Code     0  rtexit.o(.ARM.Collect$$rtexit$$00000000)
    __rt_exit_ls                             0x0800021d   Thumb Code     0  rtexit2.o(.ARM.Collect$$rtexit$$00000003)
    __rt_exit_prels_1                        0x0800021d   Thumb Code     0  rtexit2.o(.ARM.Collect$$rtexit$$00000002)
    __rt_exit_exit                           0x08000221   Thumb Code     0  rtexit2.o(.ARM.Collect$$rtexit$$00000004)
    Reset_Handler                            0x08000229   Thumb Code     8  startup_stm32l475xx.o(.text)
    ADC1_2_IRQHandler                        0x08000243   Thumb Code     0  startup_stm32l475xx.o(.text)
    ADC3_IRQHandler                          0x08000243   Thumb Code     0  startup_stm32l475xx.o(.text)
    CAN1_RX0_IRQHandler                      0x08000243   Thumb Code     0  startup_stm32l475xx.o(.text)
    CAN1_RX1_IRQHandler                      0x08000243   Thumb Code     0  startup_stm32l475xx.o(.text)
    CAN1_SCE_IRQHandler                      0x08000243   Thumb Code     0  startup_stm32l475xx.o(.text)
    CAN1_TX_IRQHandler                       0x08000243   Thumb Code     0  startup_stm32l475xx.o(.text)
    COMP_IRQHandler                          0x08000243   Thumb Code     0  startup_stm32l475xx.o(.text)
    DFSDM1_FLT0_IRQHandler                   0x08000243   Thumb Code     0  startup_stm32l475xx.o(.text)
    DFSDM1_FLT1_IRQHandler                   0x08000243   Thumb Code     0  startup_stm32l475xx.o(.text)
    DFSDM1_FLT2_IRQHandler                   0x08000243   Thumb Code     0  startup_stm32l475xx.o(.text)
    DFSDM1_FLT3_IRQHandler                   0x08000243   Thumb Code     0  startup_stm32l475xx.o(.text)
    DMA1_Channel1_IRQHandler                 0x08000243   Thumb Code     0  startup_stm32l475xx.o(.text)
    DMA1_Channel2_IRQHandler                 0x08000243   Thumb Code     0  startup_stm32l475xx.o(.text)
    DMA1_Channel3_IRQHandler                 0x08000243   Thumb Code     0  startup_stm32l475xx.o(.text)
    DMA1_Channel4_IRQHandler                 0x08000243   Thumb Code     0  startup_stm32l475xx.o(.text)
    DMA1_Channel5_IRQHandler                 0x08000243   Thumb Code     0  startup_stm32l475xx.o(.text)
    DMA1_Channel6_IRQHandler                 0x08000243   Thumb Code     0  startup_stm32l475xx.o(.text)
    DMA1_Channel7_IRQHandler                 0x08000243   Thumb Code     0  startup_stm32l475xx.o(.text)
    DMA2_Channel1_IRQHandler                 0x08000243   Thumb Code     0  startup_stm32l475xx.o(.text)
    DMA2_Channel2_IRQHandler                 0x08000243   Thumb Code     0  startup_stm32l475xx.o(.text)
    DMA2_Channel3_IRQHandler                 0x08000243   Thumb Code     0  startup_stm32l475xx.o(.text)
    DMA2_Channel4_IRQHandler                 0x08000243   Thumb Code     0  startup_stm32l475xx.o(.text)
    DMA2_Channel5_IRQHandler                 0x08000243   Thumb Code     0  startup_stm32l475xx.o(.text)
    DMA2_Channel6_IRQHandler                 0x08000243   Thumb Code     0  startup_stm32l475xx.o(.text)
    DMA2_Channel7_IRQHandler                 0x08000243   Thumb Code     0  startup_stm32l475xx.o(.text)
    EXTI0_IRQHandler                         0x08000243   Thumb Code     0  startup_stm32l475xx.o(.text)
    EXTI15_10_IRQHandler                     0x08000243   Thumb Code     0  startup_stm32l475xx.o(.text)
    EXTI1_IRQHandler                         0x08000243   Thumb Code     0  startup_stm32l475xx.o(.text)
    EXTI2_IRQHandler                         0x08000243   Thumb Code     0  startup_stm32l475xx.o(.text)
    EXTI3_IRQHandler                         0x08000243   Thumb Code     0  startup_stm32l475xx.o(.text)
    EXTI4_IRQHandler                         0x08000243   Thumb Code     0  startup_stm32l475xx.o(.text)
    EXTI9_5_IRQHandler                       0x08000243   Thumb Code     0  startup_stm32l475xx.o(.text)
    FLASH_IRQHandler                         0x08000243   Thumb Code     0  startup_stm32l475xx.o(.text)
    FMC_IRQHandler                           0x08000243   Thumb Code     0  startup_stm32l475xx.o(.text)
    FPU_IRQHandler                           0x08000243   Thumb Code     0  startup_stm32l475xx.o(.text)
    I2C1_ER_IRQHandler                       0x08000243   Thumb Code     0  startup_stm32l475xx.o(.text)
    I2C1_EV_IRQHandler                       0x08000243   Thumb Code     0  startup_stm32l475xx.o(.text)
    I2C2_ER_IRQHandler                       0x08000243   Thumb Code     0  startup_stm32l475xx.o(.text)
    I2C2_EV_IRQHandler                       0x08000243   Thumb Code     0  startup_stm32l475xx.o(.text)
    I2C3_ER_IRQHandler                       0x08000243   Thumb Code     0  startup_stm32l475xx.o(.text)
    I2C3_EV_IRQHandler                       0x08000243   Thumb Code     0  startup_stm32l475xx.o(.text)
    LPTIM1_IRQHandler                        0x08000243   Thumb Code     0  startup_stm32l475xx.o(.text)
    LPTIM2_IRQHandler                        0x08000243   Thumb Code     0  startup_stm32l475xx.o(.text)
    LPUART1_IRQHandler                       0x08000243   Thumb Code     0  startup_stm32l475xx.o(.text)
    OTG_FS_IRQHandler                        0x08000243   Thumb Code     0  startup_stm32l475xx.o(.text)
    PVD_PVM_IRQHandler                       0x08000243   Thumb Code     0  startup_stm32l475xx.o(.text)
    QUADSPI_IRQHandler                       0x08000243   Thumb Code     0  startup_stm32l475xx.o(.text)
    RCC_IRQHandler                           0x08000243   Thumb Code     0  startup_stm32l475xx.o(.text)
    RNG_IRQHandler                           0x08000243   Thumb Code     0  startup_stm32l475xx.o(.text)
    RTC_Alarm_IRQHandler                     0x08000243   Thumb Code     0  startup_stm32l475xx.o(.text)
    RTC_WKUP_IRQHandler                      0x08000243   Thumb Code     0  startup_stm32l475xx.o(.text)
    SAI1_IRQHandler                          0x08000243   Thumb Code     0  startup_stm32l475xx.o(.text)
    SAI2_IRQHandler                          0x08000243   Thumb Code     0  startup_stm32l475xx.o(.text)
    SDMMC1_IRQHandler                        0x08000243   Thumb Code     0  startup_stm32l475xx.o(.text)
    SPI1_IRQHandler                          0x08000243   Thumb Code     0  startup_stm32l475xx.o(.text)
    SPI2_IRQHandler                          0x08000243   Thumb Code     0  startup_stm32l475xx.o(.text)
    SPI3_IRQHandler                          0x08000243   Thumb Code     0  startup_stm32l475xx.o(.text)
    SWPMI1_IRQHandler                        0x08000243   Thumb Code     0  startup_stm32l475xx.o(.text)
    TAMP_STAMP_IRQHandler                    0x08000243   Thumb Code     0  startup_stm32l475xx.o(.text)
    TIM1_BRK_TIM15_IRQHandler                0x08000243   Thumb Code     0  startup_stm32l475xx.o(.text)
    TIM1_CC_IRQHandler                       0x08000243   Thumb Code     0  startup_stm32l475xx.o(.text)
    TIM1_TRG_COM_TIM17_IRQHandler            0x08000243   Thumb Code     0  startup_stm32l475xx.o(.text)
    TIM1_UP_TIM16_IRQHandler                 0x08000243   Thumb Code     0  startup_stm32l475xx.o(.text)
    TIM2_IRQHandler                          0x08000243   Thumb Code     0  startup_stm32l475xx.o(.text)
    TIM4_IRQHandler                          0x08000243   Thumb Code     0  startup_stm32l475xx.o(.text)
    TIM5_IRQHandler                          0x08000243   Thumb Code     0  startup_stm32l475xx.o(.text)
    TIM6_DAC_IRQHandler                      0x08000243   Thumb Code     0  startup_stm32l475xx.o(.text)
    TIM7_IRQHandler                          0x08000243   Thumb Code     0  startup_stm32l475xx.o(.text)
    TIM8_BRK_IRQHandler                      0x08000243   Thumb Code     0  startup_stm32l475xx.o(.text)
    TIM8_CC_IRQHandler                       0x08000243   Thumb Code     0  startup_stm32l475xx.o(.text)
    TIM8_TRG_COM_IRQHandler                  0x08000243   Thumb Code     0  startup_stm32l475xx.o(.text)
    TIM8_UP_IRQHandler                       0x08000243   Thumb Code     0  startup_stm32l475xx.o(.text)
    TSC_IRQHandler                           0x08000243   Thumb Code     0  startup_stm32l475xx.o(.text)
    UART4_IRQHandler                         0x08000243   Thumb Code     0  startup_stm32l475xx.o(.text)
    UART5_IRQHandler                         0x08000243   Thumb Code     0  startup_stm32l475xx.o(.text)
    USART1_IRQHandler                        0x08000243   Thumb Code     0  startup_stm32l475xx.o(.text)
    USART2_IRQHandler                        0x08000243   Thumb Code     0  startup_stm32l475xx.o(.text)
    USART3_IRQHandler                        0x08000243   Thumb Code     0  startup_stm32l475xx.o(.text)
    WWDG_IRQHandler                          0x08000243   Thumb Code     0  startup_stm32l475xx.o(.text)
    __user_initial_stackheap                 0x08000245   Thumb Code     0  startup_stm32l475xx.o(.text)
    __aeabi_uldivmod                         0x08000269   Thumb Code     0  lludivv7m.o(.text)
    _ll_udiv                                 0x08000269   Thumb Code   240  lludivv7m.o(.text)
    __aeabi_memclr                           0x08000359   Thumb Code     0  rt_memclr.o(.text)
    __rt_memclr                              0x08000359   Thumb Code     0  rt_memclr.o(.text)
    _memset                                  0x0800035d   Thumb Code    64  rt_memclr.o(.text)
    __aeabi_memclr4                          0x0800039d   Thumb Code     0  rt_memclr_w.o(.text)
    __aeabi_memclr8                          0x0800039d   Thumb Code     0  rt_memclr_w.o(.text)
    __rt_memclr_w                            0x0800039d   Thumb Code     0  rt_memclr_w.o(.text)
    _memset_w                                0x080003a1   Thumb Code    74  rt_memclr_w.o(.text)
    __use_two_region_memory                  0x080003eb   Thumb Code     2  heapauxi.o(.text)
    __rt_heap_escrow$2region                 0x080003ed   Thumb Code     2  heapauxi.o(.text)
    __rt_heap_expand$2region                 0x080003ef   Thumb Code     2  heapauxi.o(.text)
    __user_setup_stackheap                   0x080003f1   Thumb Code    74  sys_stackheap_outer.o(.text)
    exit                                     0x0800043b   Thumb Code    18  exit.o(.text)
    __user_libspace                          0x0800044d   Thumb Code     8  libspace.o(.text)
    __user_perproc_libspace                  0x0800044d   Thumb Code     0  libspace.o(.text)
    __user_perthread_libspace                0x0800044d   Thumb Code     0  libspace.o(.text)
    _sys_exit                                0x08000455   Thumb Code     8  sys_exit.o(.text)
    __I$use$semihosting                      0x08000461   Thumb Code     0  use_no_semi.o(.text)
    __use_no_semihosting_swi                 0x08000461   Thumb Code     2  use_no_semi.o(.text)
    __semihosting_library_function           0x08000463   Thumb Code     0  indicate_semi.o(.text)
    BusFault_Handler                         0x08000465   Thumb Code     2  stm32l4xx_it.o(.text.BusFault_Handler)
    DebugMon_Handler                         0x08000469   Thumb Code     2  stm32l4xx_it.o(.text.DebugMon_Handler)
    Error_Handler                            0x0800046d   Thumb Code    10  main.o(.text.Error_Handler)
    FATFS_LinkDriver                         0x08000479   Thumb Code    76  ff_gen_drv.o(.text.FATFS_LinkDriver)
    HAL_GPIO_Init                            0x080004c5   Thumb Code   506  stm32l4xx_hal_gpio.o(.text.HAL_GPIO_Init)
    HAL_GPIO_WritePin                        0x080006c5   Thumb Code    12  stm32l4xx_hal_gpio.o(.text.HAL_GPIO_WritePin)
    HAL_GetTick                              0x080006d1   Thumb Code    12  stm32l4xx_hal.o(.text.HAL_GetTick)
    HAL_IncTick                              0x080006dd   Thumb Code    26  stm32l4xx_hal.o(.text.HAL_IncTick)
    HAL_Init                                 0x080006f9   Thumb Code    30  stm32l4xx_hal.o(.text.HAL_Init)
    HAL_InitTick                             0x08000719   Thumb Code    78  stm32l4xx_hal.o(.text.HAL_InitTick)
    HAL_MspInit                              0x08000769   Thumb Code    50  stm32l4xx_hal_msp.o(.text.HAL_MspInit)
    HAL_NVIC_EnableIRQ                       0x0800079d   Thumb Code    32  stm32l4xx_hal_cortex.o(.text.HAL_NVIC_EnableIRQ)
    HAL_NVIC_SetPriority                     0x080007bd   Thumb Code    86  stm32l4xx_hal_cortex.o(.text.HAL_NVIC_SetPriority)
    HAL_NVIC_SetPriorityGrouping             0x08000815   Thumb Code    32  stm32l4xx_hal_cortex.o(.text.HAL_NVIC_SetPriorityGrouping)
    HAL_PWREx_ControlVoltageScaling          0x08000835   Thumb Code   152  stm32l4xx_hal_pwr_ex.o(.text.HAL_PWREx_ControlVoltageScaling)
    HAL_PWREx_GetVoltageRange                0x080008cd   Thumb Code    16  stm32l4xx_hal_pwr_ex.o(.text.HAL_PWREx_GetVoltageRange)
    HAL_PWR_EnableBkUpAccess                 0x080008dd   Thumb Code    18  stm32l4xx_hal_pwr.o(.text.HAL_PWR_EnableBkUpAccess)
    HAL_RCCEx_EnableMSIPLLMode               0x080008f1   Thumb Code    18  stm32l4xx_hal_rcc_ex.o(.text.HAL_RCCEx_EnableMSIPLLMode)
    HAL_RCCEx_PeriphCLKConfig                0x08000905   Thumb Code   996  stm32l4xx_hal_rcc_ex.o(.text.HAL_RCCEx_PeriphCLKConfig)
    HAL_RCC_ClockConfig                      0x08000ce9   Thumb Code   634  stm32l4xx_hal_rcc.o(.text.HAL_RCC_ClockConfig)
    HAL_RCC_GetPCLK1Freq                     0x08000f65   Thumb Code    42  stm32l4xx_hal_rcc.o(.text.HAL_RCC_GetPCLK1Freq)
    HAL_RCC_GetPCLK2Freq                     0x08000f91   Thumb Code    42  stm32l4xx_hal_rcc.o(.text.HAL_RCC_GetPCLK2Freq)
    HAL_RCC_GetSysClockFreq                  0x08000fbd   Thumb Code   194  stm32l4xx_hal_rcc.o(.text.HAL_RCC_GetSysClockFreq)
    HAL_RCC_OscConfig                        0x08001081   Thumb Code  1908  stm32l4xx_hal_rcc.o(.text.HAL_RCC_OscConfig)
    HAL_RTC_Init                             0x080017f5   Thumb Code   210  stm32l4xx_hal_rtc.o(.text.HAL_RTC_Init)
    HAL_RTC_MspInit                          0x080018c9   Thumb Code    82  rtc.o(.text.HAL_RTC_MspInit)
    HAL_RTC_SetDate                          0x0800191d   Thumb Code   330  stm32l4xx_hal_rtc.o(.text.HAL_RTC_SetDate)
    HAL_RTC_SetTime                          0x08001a69   Thumb Code   382  stm32l4xx_hal_rtc.o(.text.HAL_RTC_SetTime)
    HAL_SPI_GetState                         0x08001bed   Thumb Code     6  stm32l4xx_hal_spi.o(.text.HAL_SPI_GetState)
    HAL_SPI_Init                             0x08001bf5   Thumb Code   220  stm32l4xx_hal_spi.o(.text.HAL_SPI_Init)
    HAL_SPI_MspInit                          0x08001cd1   Thumb Code   106  spi.o(.text.HAL_SPI_MspInit)
    HAL_SPI_Transmit                         0x08001d3d   Thumb Code   592  stm32l4xx_hal_spi.o(.text.HAL_SPI_Transmit)
    HAL_SPI_TransmitReceive                  0x08001f8d   Thumb Code   904  stm32l4xx_hal_spi.o(.text.HAL_SPI_TransmitReceive)
    HAL_SYSTICK_Config                       0x08002315   Thumb Code    44  stm32l4xx_hal_cortex.o(.text.HAL_SYSTICK_Config)
    HAL_TIMEx_Break2Callback                 0x08002341   Thumb Code     2  stm32l4xx_hal_tim_ex.o(.text.HAL_TIMEx_Break2Callback)
    HAL_TIMEx_BreakCallback                  0x08002345   Thumb Code     2  stm32l4xx_hal_tim_ex.o(.text.HAL_TIMEx_BreakCallback)
    HAL_TIMEx_CommutCallback                 0x08002349   Thumb Code     2  stm32l4xx_hal_tim_ex.o(.text.HAL_TIMEx_CommutCallback)
    HAL_TIMEx_MasterConfigSynchronization    0x0800234d   Thumb Code   190  stm32l4xx_hal_tim_ex.o(.text.HAL_TIMEx_MasterConfigSynchronization)
    HAL_TIM_Base_Init                        0x0800240d   Thumb Code    98  stm32l4xx_hal_tim.o(.text.HAL_TIM_Base_Init)
    HAL_TIM_Base_MspInit                     0x08002471   Thumb Code    70  tim.o(.text.HAL_TIM_Base_MspInit)
    HAL_TIM_ConfigClockSource                0x080024b9   Thumb Code   412  stm32l4xx_hal_tim.o(.text.HAL_TIM_ConfigClockSource)
    HAL_TIM_IC_CaptureCallback               0x08002655   Thumb Code     2  stm32l4xx_hal_tim.o(.text.HAL_TIM_IC_CaptureCallback)
    HAL_TIM_IRQHandler                       0x08002659   Thumb Code   396  stm32l4xx_hal_tim.o(.text.HAL_TIM_IRQHandler)
    HAL_TIM_OC_DelayElapsedCallback          0x080027e5   Thumb Code     2  stm32l4xx_hal_tim.o(.text.HAL_TIM_OC_DelayElapsedCallback)
    HAL_TIM_PWM_PulseFinishedCallback        0x080027e9   Thumb Code     2  stm32l4xx_hal_tim.o(.text.HAL_TIM_PWM_PulseFinishedCallback)
    HAL_TIM_PeriodElapsedCallback            0x080027ed   Thumb Code     2  stm32l4xx_hal_tim.o(.text.HAL_TIM_PeriodElapsedCallback)
    HAL_TIM_TriggerCallback                  0x080027f1   Thumb Code     2  stm32l4xx_hal_tim.o(.text.HAL_TIM_TriggerCallback)
    HAL_UART_Init                            0x080027f5   Thumb Code   194  stm32l4xx_hal_uart.o(.text.HAL_UART_Init)
    HAL_UART_MspInit                         0x080028b9   Thumb Code   150  usart.o(.text.HAL_UART_MspInit)
    HAL_UART_Transmit                        0x08002951   Thumb Code   216  stm32l4xx_hal_uart.o(.text.HAL_UART_Transmit)
    HardFault_Handler                        0x08002a29   Thumb Code     2  stm32l4xx_it.o(.text.HardFault_Handler)
    MX_FATFS_Init                            0x08002a2d   Thumb Code    28  fatfs.o(.text.MX_FATFS_Init)
    MX_GPIO_Init                             0x08002a49   Thumb Code   244  gpio.o(.text.MX_GPIO_Init)
    MX_RTC_Init                              0x08002b3d   Thumb Code   136  rtc.o(.text.MX_RTC_Init)
    MX_SPI2_Init                             0x08002bc5   Thumb Code    78  spi.o(.text.MX_SPI2_Init)
    MX_TIM3_Init                             0x08002c15   Thumb Code   124  tim.o(.text.MX_TIM3_Init)
    MX_USART1_UART_Init                      0x08002c91   Thumb Code    64  usart.o(.text.MX_USART1_UART_Init)
    MemManage_Handler                        0x08002cd1   Thumb Code     2  stm32l4xx_it.o(.text.MemManage_Handler)
    NMI_Handler                              0x08002cd5   Thumb Code     2  stm32l4xx_it.o(.text.NMI_Handler)
    PendSV_Handler                           0x08002cd9   Thumb Code     2  stm32l4xx_it.o(.text.PendSV_Handler)
    RTC_ExitInitMode                         0x08002f95   Thumb Code   148  stm32l4xx_hal_rtc.o(.text.RTC_ExitInitMode)
    SD_disk_initialize                       0x0800381d   Thumb Code   832  fatfs_sd.o(.text.SD_disk_initialize)
    SD_disk_ioctl                            0x08003b5d   Thumb Code  4206  fatfs_sd.o(.text.SD_disk_ioctl)
    SD_disk_read                             0x08004bd1   Thumb Code   920  fatfs_sd.o(.text.SD_disk_read)
    SD_disk_status                           0x08004f71   Thumb Code    20  fatfs_sd.o(.text.SD_disk_status)
    SD_disk_write                            0x08004f85   Thumb Code   464  fatfs_sd.o(.text.SD_disk_write)
    SVC_Handler                              0x08005375   Thumb Code     2  stm32l4xx_it.o(.text.SVC_Handler)
    SysTick_Handler                          0x08005379   Thumb Code    54  stm32l4xx_it.o(.text.SysTick_Handler)
    SystemClock_Config                       0x080053b1   Thumb Code   168  main.o(.text.SystemClock_Config)
    SystemInit                               0x08005459   Thumb Code    18  system_stm32l4xx.o(.text.SystemInit)
    TIM3_IRQHandler                          0x0800546d   Thumb Code    12  stm32l4xx_it.o(.text.TIM3_IRQHandler)
    TIM_Base_SetConfig                       0x08005479   Thumb Code   318  stm32l4xx_hal_tim.o(.text.TIM_Base_SetConfig)
    UART_AdvFeatureConfig                    0x080055b9   Thumb Code   232  stm32l4xx_hal_uart.o(.text.UART_AdvFeatureConfig)
    UART_SetConfig                           0x080056a1   Thumb Code   612  stm32l4xx_hal_uart.o(.text.UART_SetConfig)
    UART_WaitOnFlagUntilTimeout              0x08005915   Thumb Code   524  stm32l4xx_hal_uart.o(.text.UART_WaitOnFlagUntilTimeout)
    USER_initialize                          0x08005b21   Thumb Code     4  user_diskio.o(.text.USER_initialize)
    USER_ioctl                               0x08005b25   Thumb Code     4  user_diskio.o(.text.USER_ioctl)
    USER_read                                0x08005b29   Thumb Code     4  user_diskio.o(.text.USER_read)
    USER_status                              0x08005b2d   Thumb Code     4  user_diskio.o(.text.USER_status)
    USER_write                               0x08005b31   Thumb Code     4  user_diskio.o(.text.USER_write)
    UsageFault_Handler                       0x08005b35   Thumb Code     2  stm32l4xx_it.o(.text.UsageFault_Handler)
    disk_initialize                          0x0800610d   Thumb Code    36  diskio.o(.text.disk_initialize)
    disk_ioctl                               0x08006131   Thumb Code    22  diskio.o(.text.disk_ioctl)
    disk_read                                0x08006149   Thumb Code    32  diskio.o(.text.disk_read)
    disk_status                              0x08006169   Thumb Code    22  diskio.o(.text.disk_status)
    disk_write                               0x08006181   Thumb Code    32  diskio.o(.text.disk_write)
    f_close                                  0x080061a1   Thumb Code   104  ff.o(.text.f_close)
    f_mount                                  0x08006209   Thumb Code   286  ff.o(.text.f_mount)
    f_open                                   0x08006329   Thumb Code  1188  ff.o(.text.f_open)
    f_sync                                   0x080067d5   Thumb Code   326  ff.o(.text.f_sync)
    f_write                                  0x08006921   Thumb Code   834  ff.o(.text.f_write)
    get_fattime                              0x08007b3d   Thumb Code     4  fatfs.o(.text.get_fattime)
    main                                     0x08007b41   Thumb Code   212  main.o(.text.main)
    _fp_init                                 0x080083e5   Thumb Code    26  fpinit.o(x$fpl$fpinit)
    __fplib_config_fpu_vfp                   0x080083fd   Thumb Code     0  fpinit.o(x$fpl$fpinit)
    __fplib_config_pureend_doubles           0x080083fd   Thumb Code     0  fpinit.o(x$fpl$fpinit)
    AHBPrescTable                            0x080083fe   Data          16  system_stm32l4xx.o(.rodata.AHBPrescTable)
    APBPrescTable                            0x0800840e   Data           8  system_stm32l4xx.o(.rodata.APBPrescTable)
    MSIRangeTable                            0x08008498   Data          48  system_stm32l4xx.o(.rodata.MSIRangeTable)
    Region$$Table$$Base                      0x08008760   Number         0  anon$$obj.o(Region$$Table)
    Region$$Table$$Limit                     0x08008780   Number         0  anon$$obj.o(Region$$Table)
    uwTickFreq                               0x20000000   Data           1  stm32l4xx_hal.o(.data..L_MergedGlobals)
    uwTickPrio                               0x20000004   Data           4  stm32l4xx_hal.o(.data..L_MergedGlobals)
    SystemCoreClock                          0x2000000c   Data           4  system_stm32l4xx.o(.data.SystemCoreClock)
    USER_Driver                              0x20000010   Data          20  user_diskio.o(.data.USER_Driver)
    __libspace_start                         0x20000028   Data          96  libspace.o(.bss)
    __temporary_stack_top$libspace           0x20000088   Data           0  libspace.o(.bss)
    fres                                     0x2000008c   Data           1  main.o(.bss..L_MergedGlobals)
    bw                                       0x20000090   Data           4  main.o(.bss..L_MergedGlobals)
    FatFsCnt                                 0x20000094   Data           1  stm32l4xx_it.o(.bss..L_MergedGlobals)
    Timer1                                   0x20000096   Data           2  stm32l4xx_it.o(.bss..L_MergedGlobals)
    Timer2                                   0x20000098   Data           2  stm32l4xx_it.o(.bss..L_MergedGlobals)
    retUSER                                  0x2000009a   Data           1  fatfs.o(.bss..L_MergedGlobals)
    USERPath                                 0x2000009b   Data           4  fatfs.o(.bss..L_MergedGlobals)
    disk                                     0x200000c8   Data          12  ff_gen_drv.o(.bss.disk)
    fil                                      0x200000d4   Data        4144  main.o(.bss.fil)
    fs                                       0x20001104   Data        4148  main.o(.bss.fs)
    hrtc                                     0x20002138   Data          36  rtc.o(.bss.hrtc)
    hspi2                                    0x2000215c   Data         100  spi.o(.bss.hspi2)
    htim3                                    0x200021c0   Data          76  tim.o(.bss.htim3)
    huart1                                   0x2000220c   Data         132  usart.o(.bss.huart1)
    uwTick                                   0x20002290   Data           4  stm32l4xx_hal.o(.bss.uwTick)



==============================================================================

Memory Map of the image

  Image Entry point : 0x08000189

  Load Region LR_IROM1 (Base: 0x08000000, Size: 0x000087a8, Max: 0x00100000, ABSOLUTE)

    Execution Region ER_IROM1 (Exec base: 0x08000000, Load base: 0x08000000, Size: 0x00008780, Max: 0x00100000, ABSOLUTE)

    Exec Addr    Load Addr    Size         Type   Attr      Idx    E Section Name        Object

    0x08000000   0x08000000   0x00000188   Data   RO            3    RESET               startup_stm32l475xx.o
    0x08000188   0x08000188   0x00000008   Code   RO         1748  * !!!main             c_w.l(__main.o)
    0x08000190   0x08000190   0x00000034   Code   RO         1923    !!!scatter          c_w.l(__scatter.o)
    0x080001c4   0x080001c4   0x0000001a   Code   RO         1925    !!handler_copy      c_w.l(__scatter_copy.o)
    0x080001de   0x080001de   0x00000002   PAD
    0x080001e0   0x080001e0   0x0000001c   Code   RO         1927    !!handler_zi        c_w.l(__scatter_zi.o)
    0x080001fc   0x080001fc   0x00000002   Code   RO         1787    .ARM.Collect$$libinit$$00000000  c_w.l(libinit.o)
    0x080001fe   0x080001fe   0x00000004   Code   RO         1799    .ARM.Collect$$libinit$$00000001  c_w.l(libinit2.o)
    0x08000202   0x08000202   0x00000000   Code   RO         1802    .ARM.Collect$$libinit$$00000004  c_w.l(libinit2.o)
    0x08000202   0x08000202   0x00000000   Code   RO         1805    .ARM.Collect$$libinit$$0000000A  c_w.l(libinit2.o)
    0x08000202   0x08000202   0x00000000   Code   RO         1807    .ARM.Collect$$libinit$$0000000C  c_w.l(libinit2.o)
    0x08000202   0x08000202   0x00000000   Code   RO         1809    .ARM.Collect$$libinit$$0000000E  c_w.l(libinit2.o)
    0x08000202   0x08000202   0x00000000   Code   RO         1812    .ARM.Collect$$libinit$$00000011  c_w.l(libinit2.o)
    0x08000202   0x08000202   0x00000000   Code   RO         1814    .ARM.Collect$$libinit$$00000013  c_w.l(libinit2.o)
    0x08000202   0x08000202   0x00000000   Code   RO         1816    .ARM.Collect$$libinit$$00000015  c_w.l(libinit2.o)
    0x08000202   0x08000202   0x00000000   Code   RO         1818    .ARM.Collect$$libinit$$00000017  c_w.l(libinit2.o)
    0x08000202   0x08000202   0x00000000   Code   RO         1820    .ARM.Collect$$libinit$$00000019  c_w.l(libinit2.o)
    0x08000202   0x08000202   0x00000000   Code   RO         1822    .ARM.Collect$$libinit$$0000001B  c_w.l(libinit2.o)
    0x08000202   0x08000202   0x00000000   Code   RO         1824    .ARM.Collect$$libinit$$0000001D  c_w.l(libinit2.o)
    0x08000202   0x08000202   0x00000000   Code   RO         1826    .ARM.Collect$$libinit$$0000001F  c_w.l(libinit2.o)
    0x08000202   0x08000202   0x00000000   Code   RO         1828    .ARM.Collect$$libinit$$00000021  c_w.l(libinit2.o)
    0x08000202   0x08000202   0x00000000   Code   RO         1830    .ARM.Collect$$libinit$$00000023  c_w.l(libinit2.o)
    0x08000202   0x08000202   0x00000000   Code   RO         1832    .ARM.Collect$$libinit$$00000025  c_w.l(libinit2.o)
    0x08000202   0x08000202   0x00000000   Code   RO         1836    .ARM.Collect$$libinit$$0000002C  c_w.l(libinit2.o)
    0x08000202   0x08000202   0x00000000   Code   RO         1838    .ARM.Collect$$libinit$$0000002E  c_w.l(libinit2.o)
    0x08000202   0x08000202   0x00000000   Code   RO         1840    .ARM.Collect$$libinit$$00000030  c_w.l(libinit2.o)
    0x08000202   0x08000202   0x00000000   Code   RO         1842    .ARM.Collect$$libinit$$00000032  c_w.l(libinit2.o)
    0x08000202   0x08000202   0x00000002   Code   RO         1843    .ARM.Collect$$libinit$$00000033  c_w.l(libinit2.o)
    0x08000204   0x08000204   0x00000002   Code   RO         1878    .ARM.Collect$$libshutdown$$00000000  c_w.l(libshutdown.o)
    0x08000206   0x08000206   0x00000000   Code   RO         1906    .ARM.Collect$$libshutdown$$00000002  c_w.l(libshutdown2.o)
    0x08000206   0x08000206   0x00000000   Code   RO         1908    .ARM.Collect$$libshutdown$$00000004  c_w.l(libshutdown2.o)
    0x08000206   0x08000206   0x00000000   Code   RO         1911    .ARM.Collect$$libshutdown$$00000007  c_w.l(libshutdown2.o)
    0x08000206   0x08000206   0x00000000   Code   RO         1914    .ARM.Collect$$libshutdown$$0000000A  c_w.l(libshutdown2.o)
    0x08000206   0x08000206   0x00000000   Code   RO         1916    .ARM.Collect$$libshutdown$$0000000C  c_w.l(libshutdown2.o)
    0x08000206   0x08000206   0x00000000   Code   RO         1919    .ARM.Collect$$libshutdown$$0000000F  c_w.l(libshutdown2.o)
    0x08000206   0x08000206   0x00000002   Code   RO         1920    .ARM.Collect$$libshutdown$$00000010  c_w.l(libshutdown2.o)
    0x08000208   0x08000208   0x00000000   Code   RO         1750    .ARM.Collect$$rtentry$$00000000  c_w.l(__rtentry.o)
    0x08000208   0x08000208   0x00000000   Code   RO         1758    .ARM.Collect$$rtentry$$00000002  c_w.l(__rtentry2.o)
    0x08000208   0x08000208   0x00000006   Code   RO         1770    .ARM.Collect$$rtentry$$00000004  c_w.l(__rtentry4.o)
    0x0800020e   0x0800020e   0x00000000   Code   RO         1760    .ARM.Collect$$rtentry$$00000009  c_w.l(__rtentry2.o)
    0x0800020e   0x0800020e   0x00000004   Code   RO         1761    .ARM.Collect$$rtentry$$0000000A  c_w.l(__rtentry2.o)
    0x08000212   0x08000212   0x00000000   Code   RO         1763    .ARM.Collect$$rtentry$$0000000C  c_w.l(__rtentry2.o)
    0x08000212   0x08000212   0x00000008   Code   RO         1764    .ARM.Collect$$rtentry$$0000000D  c_w.l(__rtentry2.o)
    0x0800021a   0x0800021a   0x00000002   Code   RO         1791    .ARM.Collect$$rtexit$$00000000  c_w.l(rtexit.o)
    0x0800021c   0x0800021c   0x00000000   Code   RO         1849    .ARM.Collect$$rtexit$$00000002  c_w.l(rtexit2.o)
    0x0800021c   0x0800021c   0x00000004   Code   RO         1850    .ARM.Collect$$rtexit$$00000003  c_w.l(rtexit2.o)
    0x08000220   0x08000220   0x00000006   Code   RO         1851    .ARM.Collect$$rtexit$$00000004  c_w.l(rtexit2.o)
    0x08000226   0x08000226   0x00000002   PAD
    0x08000228   0x08000228   0x00000040   Code   RO            4    .text               startup_stm32l475xx.o
    0x08000268   0x08000268   0x000000f0   Code   RO         1736    .text               c_w.l(lludivv7m.o)
    0x08000358   0x08000358   0x00000044   Code   RO         1742    .text               c_w.l(rt_memclr.o)
    0x0800039c   0x0800039c   0x0000004e   Code   RO         1744    .text               c_w.l(rt_memclr_w.o)
    0x080003ea   0x080003ea   0x00000006   Code   RO         1746    .text               c_w.l(heapauxi.o)
    0x080003f0   0x080003f0   0x0000004a   Code   RO         1774    .text               c_w.l(sys_stackheap_outer.o)
    0x0800043a   0x0800043a   0x00000012   Code   RO         1776    .text               c_w.l(exit.o)
    0x0800044c   0x0800044c   0x00000008   Code   RO         1788    .text               c_w.l(libspace.o)
    0x08000454   0x08000454   0x0000000c   Code   RO         1844    .text               c_w.l(sys_exit.o)
    0x08000460   0x08000460   0x00000002   Code   RO         1867    .text               c_w.l(use_no_semi.o)
    0x08000462   0x08000462   0x00000000   Code   RO         1869    .text               c_w.l(indicate_semi.o)
    0x08000462   0x08000462   0x00000002   PAD
    0x08000464   0x08000464   0x00000002   Code   RO          149    .text.BusFault_Handler  stm32l4xx_it.o
    0x08000466   0x08000466   0x00000002   PAD
    0x08000468   0x08000468   0x00000002   Code   RO          155    .text.DebugMon_Handler  stm32l4xx_it.o
    0x0800046a   0x0800046a   0x00000002   PAD
    0x0800046c   0x0800046c   0x0000000a   Code   RO           47    .text.Error_Handler  main.o
    0x08000476   0x08000476   0x00000002   PAD
    0x08000478   0x08000478   0x0000004c   Code   RO         1717    .text.FATFS_LinkDriver  ff_gen_drv.o
    0x080004c4   0x080004c4   0x00000200   Code   RO          604    .text.HAL_GPIO_Init  stm32l4xx_hal_gpio.o
    0x080006c4   0x080006c4   0x0000000c   Code   RO          610    .text.HAL_GPIO_WritePin  stm32l4xx_hal_gpio.o
    0x080006d0   0x080006d0   0x0000000c   Code   RO          221    .text.HAL_GetTick   stm32l4xx_hal.o
    0x080006dc   0x080006dc   0x0000001a   Code   RO          219    .text.HAL_IncTick   stm32l4xx_hal.o
    0x080006f6   0x080006f6   0x00000002   PAD
    0x080006f8   0x080006f8   0x0000001e   Code   RO          209    .text.HAL_Init      stm32l4xx_hal.o
    0x08000716   0x08000716   0x00000002   PAD
    0x08000718   0x08000718   0x0000004e   Code   RO          211    .text.HAL_InitTick  stm32l4xx_hal.o
    0x08000766   0x08000766   0x00000002   PAD
    0x08000768   0x08000768   0x00000032   Code   RO          169    .text.HAL_MspInit   stm32l4xx_hal_msp.o
    0x0800079a   0x0800079a   0x00000002   PAD
    0x0800079c   0x0800079c   0x00000020   Code   RO          791    .text.HAL_NVIC_EnableIRQ  stm32l4xx_hal_cortex.o
    0x080007bc   0x080007bc   0x00000056   Code   RO          789    .text.HAL_NVIC_SetPriority  stm32l4xx_hal_cortex.o
    0x08000812   0x08000812   0x00000002   PAD
    0x08000814   0x08000814   0x00000020   Code   RO          787    .text.HAL_NVIC_SetPriorityGrouping  stm32l4xx_hal_cortex.o
    0x08000834   0x08000834   0x00000098   Code   RO          703    .text.HAL_PWREx_ControlVoltageScaling  stm32l4xx_hal_pwr_ex.o
    0x080008cc   0x080008cc   0x00000010   Code   RO          701    .text.HAL_PWREx_GetVoltageRange  stm32l4xx_hal_pwr_ex.o
    0x080008dc   0x080008dc   0x00000012   Code   RO          663    .text.HAL_PWR_EnableBkUpAccess  stm32l4xx_hal_pwr.o
    0x080008ee   0x080008ee   0x00000002   PAD
    0x080008f0   0x080008f0   0x00000012   Code   RO          528    .text.HAL_RCCEx_EnableMSIPLLMode  stm32l4xx_hal_rcc_ex.o
    0x08000902   0x08000902   0x00000002   PAD
    0x08000904   0x08000904   0x000003e4   Code   RO          490    .text.HAL_RCCEx_PeriphCLKConfig  stm32l4xx_hal_rcc_ex.o
    0x08000ce8   0x08000ce8   0x0000027a   Code   RO          460    .text.HAL_RCC_ClockConfig  stm32l4xx_hal_rcc.o
    0x08000f62   0x08000f62   0x00000002   PAD
    0x08000f64   0x08000f64   0x0000002a   Code   RO          466    .text.HAL_RCC_GetPCLK1Freq  stm32l4xx_hal_rcc.o
    0x08000f8e   0x08000f8e   0x00000002   PAD
    0x08000f90   0x08000f90   0x0000002a   Code   RO          468    .text.HAL_RCC_GetPCLK2Freq  stm32l4xx_hal_rcc.o
    0x08000fba   0x08000fba   0x00000002   PAD
    0x08000fbc   0x08000fbc   0x000000c2   Code   RO          458    .text.HAL_RCC_GetSysClockFreq  stm32l4xx_hal_rcc.o
    0x0800107e   0x0800107e   0x00000002   PAD
    0x08001080   0x08001080   0x00000774   Code   RO          456    .text.HAL_RCC_OscConfig  stm32l4xx_hal_rcc.o
    0x080017f4   0x080017f4   0x000000d2   Code   RO          859    .text.HAL_RTC_Init  stm32l4xx_hal_rtc.o
    0x080018c6   0x080018c6   0x00000002   PAD
    0x080018c8   0x080018c8   0x00000052   Code   RO           81    .text.HAL_RTC_MspInit  rtc.o
    0x0800191a   0x0800191a   0x00000002   PAD
    0x0800191c   0x0800191c   0x0000014a   Code   RO          879    .text.HAL_RTC_SetDate  stm32l4xx_hal_rtc.o
    0x08001a66   0x08001a66   0x00000002   PAD
    0x08001a68   0x08001a68   0x00000184   Code   RO          871    .text.HAL_RTC_SetTime  stm32l4xx_hal_rtc.o
    0x08001bec   0x08001bec   0x00000006   Code   RO         1099    .text.HAL_SPI_GetState  stm32l4xx_hal_spi.o
    0x08001bf2   0x08001bf2   0x00000002   PAD
    0x08001bf4   0x08001bf4   0x000000dc   Code   RO         1001    .text.HAL_SPI_Init  stm32l4xx_hal_spi.o
    0x08001cd0   0x08001cd0   0x0000006a   Code   RO           96    .text.HAL_SPI_MspInit  spi.o
    0x08001d3a   0x08001d3a   0x00000002   PAD
    0x08001d3c   0x08001d3c   0x00000250   Code   RO         1009    .text.HAL_SPI_Transmit  stm32l4xx_hal_spi.o
    0x08001f8c   0x08001f8c   0x00000388   Code   RO         1013    .text.HAL_SPI_TransmitReceive  stm32l4xx_hal_spi.o
    0x08002314   0x08002314   0x0000002c   Code   RO          799    .text.HAL_SYSTICK_Config  stm32l4xx_hal_cortex.o
    0x08002340   0x08002340   0x00000002   Code   RO         1431    .text.HAL_TIMEx_Break2Callback  stm32l4xx_hal_tim_ex.o
    0x08002342   0x08002342   0x00000002   PAD
    0x08002344   0x08002344   0x00000002   Code   RO         1429    .text.HAL_TIMEx_BreakCallback  stm32l4xx_hal_tim_ex.o
    0x08002346   0x08002346   0x00000002   PAD
    0x08002348   0x08002348   0x00000002   Code   RO         1425    .text.HAL_TIMEx_CommutCallback  stm32l4xx_hal_tim_ex.o
    0x0800234a   0x0800234a   0x00000002   PAD
    0x0800234c   0x0800234c   0x000000be   Code   RO         1415    .text.HAL_TIMEx_MasterConfigSynchronization  stm32l4xx_hal_tim_ex.o
    0x0800240a   0x0800240a   0x00000002   PAD
    0x0800240c   0x0800240c   0x00000062   Code   RO         1120    .text.HAL_TIM_Base_Init  stm32l4xx_hal_tim.o
    0x0800246e   0x0800246e   0x00000002   PAD
    0x08002470   0x08002470   0x00000046   Code   RO          111    .text.HAL_TIM_Base_MspInit  tim.o
    0x080024b6   0x080024b6   0x00000002   PAD
    0x080024b8   0x080024b8   0x0000019c   Code   RO         1300    .text.HAL_TIM_ConfigClockSource  stm32l4xx_hal_tim.o
    0x08002654   0x08002654   0x00000002   Code   RO         1256    .text.HAL_TIM_IC_CaptureCallback  stm32l4xx_hal_tim.o
    0x08002656   0x08002656   0x00000002   PAD
    0x08002658   0x08002658   0x0000018c   Code   RO         1254    .text.HAL_TIM_IRQHandler  stm32l4xx_hal_tim.o
    0x080027e4   0x080027e4   0x00000002   Code   RO         1258    .text.HAL_TIM_OC_DelayElapsedCallback  stm32l4xx_hal_tim.o
    0x080027e6   0x080027e6   0x00000002   PAD
    0x080027e8   0x080027e8   0x00000002   Code   RO         1260    .text.HAL_TIM_PWM_PulseFinishedCallback  stm32l4xx_hal_tim.o
    0x080027ea   0x080027ea   0x00000002   PAD
    0x080027ec   0x080027ec   0x00000002   Code   RO         1262    .text.HAL_TIM_PeriodElapsedCallback  stm32l4xx_hal_tim.o
    0x080027ee   0x080027ee   0x00000002   PAD
    0x080027f0   0x080027f0   0x00000002   Code   RO         1264    .text.HAL_TIM_TriggerCallback  stm32l4xx_hal_tim.o
    0x080027f2   0x080027f2   0x00000002   PAD
    0x080027f4   0x080027f4   0x000000c2   Code   RO         1445    .text.HAL_UART_Init  stm32l4xx_hal_uart.o
    0x080028b6   0x080028b6   0x00000002   PAD
    0x080028b8   0x080028b8   0x00000096   Code   RO          126    .text.HAL_UART_MspInit  usart.o
    0x0800294e   0x0800294e   0x00000002   PAD
    0x08002950   0x08002950   0x000000d8   Code   RO         1465    .text.HAL_UART_Transmit  stm32l4xx_hal_uart.o
    0x08002a28   0x08002a28   0x00000002   Code   RO          145    .text.HardFault_Handler  stm32l4xx_it.o
    0x08002a2a   0x08002a2a   0x00000002   PAD
    0x08002a2c   0x08002a2c   0x0000001c   Code   RO          195    .text.MX_FATFS_Init  fatfs.o
    0x08002a48   0x08002a48   0x000000f4   Code   RO           70    .text.MX_GPIO_Init  gpio.o
    0x08002b3c   0x08002b3c   0x00000088   Code   RO           79    .text.MX_RTC_Init   rtc.o
    0x08002bc4   0x08002bc4   0x0000004e   Code   RO           94    .text.MX_SPI2_Init  spi.o
    0x08002c12   0x08002c12   0x00000002   PAD
    0x08002c14   0x08002c14   0x0000007c   Code   RO          109    .text.MX_TIM3_Init  tim.o
    0x08002c90   0x08002c90   0x00000040   Code   RO          124    .text.MX_USART1_UART_Init  usart.o
    0x08002cd0   0x08002cd0   0x00000002   Code   RO          147    .text.MemManage_Handler  stm32l4xx_it.o
    0x08002cd2   0x08002cd2   0x00000002   PAD
    0x08002cd4   0x08002cd4   0x00000002   Code   RO          143    .text.NMI_Handler   stm32l4xx_it.o
    0x08002cd6   0x08002cd6   0x00000002   PAD
    0x08002cd8   0x08002cd8   0x00000002   Code   RO          157    .text.PendSV_Handler  stm32l4xx_it.o
    0x08002cda   0x08002cda   0x00000002   PAD
    0x08002cdc   0x08002cdc   0x0000016e   Code   RO          492    .text.RCCEx_PLLSAI1_Config  stm32l4xx_hal_rcc_ex.o
    0x08002e4a   0x08002e4a   0x00000002   PAD
    0x08002e4c   0x08002e4c   0x00000146   Code   RO          494    .text.RCCEx_PLLSAI2_Config  stm32l4xx_hal_rcc_ex.o
    0x08002f92   0x08002f92   0x00000002   PAD
    0x08002f94   0x08002f94   0x00000094   Code   RO          865    .text.RTC_ExitInitMode  stm32l4xx_hal_rtc.o
    0x08003028   0x08003028   0x00000348   Code   RO           13    .text.SD_PowerOn    fatfs_sd.o
    0x08003370   0x08003370   0x000000a4   Code   RO           27    .text.SD_ReadyWait  fatfs_sd.o
    0x08003414   0x08003414   0x00000246   Code   RO           15    .text.SD_SendCmd    fatfs_sd.o
    0x0800365a   0x0800365a   0x00000002   PAD
    0x0800365c   0x0800365c   0x000001be   Code   RO           23    .text.SD_TxDataBlock  fatfs_sd.o
    0x0800381a   0x0800381a   0x00000002   PAD
    0x0800381c   0x0800381c   0x00000340   Code   RO           11    .text.SD_disk_initialize  fatfs_sd.o
    0x08003b5c   0x08003b5c   0x00001074   Code   RO           25    .text.SD_disk_ioctl  fatfs_sd.o
    0x08004bd0   0x08004bd0   0x0000039e   Code   RO           19    .text.SD_disk_read  fatfs_sd.o
    0x08004f6e   0x08004f6e   0x00000002   PAD
    0x08004f70   0x08004f70   0x00000014   Code   RO           17    .text.SD_disk_status  fatfs_sd.o
    0x08004f84   0x08004f84   0x000001d6   Code   RO           21    .text.SD_disk_write  fatfs_sd.o
    0x0800515a   0x0800515a   0x00000002   PAD
    0x0800515c   0x0800515c   0x00000146   Code   RO         1063    .text.SPI_WaitFifoStateUntilTimeout  stm32l4xx_hal_spi.o
    0x080052a2   0x080052a2   0x00000002   PAD
    0x080052a4   0x080052a4   0x000000ce   Code   RO         1065    .text.SPI_WaitFlagStateUntilTimeout  stm32l4xx_hal_spi.o
    0x08005372   0x08005372   0x00000002   PAD
    0x08005374   0x08005374   0x00000002   Code   RO          153    .text.SVC_Handler   stm32l4xx_it.o
    0x08005376   0x08005376   0x00000002   PAD
    0x08005378   0x08005378   0x00000036   Code   RO          141    .text.SysTick_Handler  stm32l4xx_it.o
    0x080053ae   0x080053ae   0x00000002   PAD
    0x080053b0   0x080053b0   0x000000a8   Code   RO           43    .text.SystemClock_Config  main.o
    0x08005458   0x08005458   0x00000012   Code   RO         1610    .text.SystemInit    system_stm32l4xx.o
    0x0800546a   0x0800546a   0x00000002   PAD
    0x0800546c   0x0800546c   0x0000000c   Code   RO          159    .text.TIM3_IRQHandler  stm32l4xx_it.o
    0x08005478   0x08005478   0x0000013e   Code   RO         1124    .text.TIM_Base_SetConfig  stm32l4xx_hal_tim.o
    0x080055b6   0x080055b6   0x00000002   PAD
    0x080055b8   0x080055b8   0x000000e8   Code   RO         1451    .text.UART_AdvFeatureConfig  stm32l4xx_hal_uart.o
    0x080056a0   0x080056a0   0x00000274   Code   RO         1449    .text.UART_SetConfig  stm32l4xx_hal_uart.o
    0x08005914   0x08005914   0x0000020c   Code   RO         1467    .text.UART_WaitOnFlagUntilTimeout  stm32l4xx_hal_uart.o
    0x08005b20   0x08005b20   0x00000004   Code   RO          177    .text.USER_initialize  user_diskio.o
    0x08005b24   0x08005b24   0x00000004   Code   RO          185    .text.USER_ioctl    user_diskio.o
    0x08005b28   0x08005b28   0x00000004   Code   RO          181    .text.USER_read     user_diskio.o
    0x08005b2c   0x08005b2c   0x00000004   Code   RO          179    .text.USER_status   user_diskio.o
    0x08005b30   0x08005b30   0x00000004   Code   RO          183    .text.USER_write    user_diskio.o
    0x08005b34   0x08005b34   0x00000002   Code   RO          151    .text.UsageFault_Handler  stm32l4xx_it.o
    0x08005b36   0x08005b36   0x00000002   PAD
    0x08005b38   0x08005b38   0x0000011a   Code   RO         1662    .text.create_chain  ff.o
    0x08005c52   0x08005c52   0x00000002   PAD
    0x08005c54   0x08005c54   0x00000276   Code   RO         1678    .text.dir_next      ff.o
    0x08005eca   0x08005eca   0x00000002   PAD
    0x08005ecc   0x08005ecc   0x0000023e   Code   RO         1654    .text.dir_register  ff.o
    0x0800610a   0x0800610a   0x00000002   PAD
    0x0800610c   0x0800610c   0x00000024   Code   RO         1628    .text.disk_initialize  diskio.o
    0x08006130   0x08006130   0x00000016   Code   RO         1634    .text.disk_ioctl    diskio.o
    0x08006146   0x08006146   0x00000002   PAD
    0x08006148   0x08006148   0x00000020   Code   RO         1630    .text.disk_read     diskio.o
    0x08006168   0x08006168   0x00000016   Code   RO         1626    .text.disk_status   diskio.o
    0x0800617e   0x0800617e   0x00000002   PAD
    0x08006180   0x08006180   0x00000020   Code   RO         1632    .text.disk_write    diskio.o
    0x080061a0   0x080061a0   0x00000068   Code   RO         1668    .text.f_close       ff.o
    0x08006208   0x08006208   0x0000011e   Code   RO         1646    .text.f_mount       ff.o
    0x08006326   0x08006326   0x00000002   PAD
    0x08006328   0x08006328   0x000004aa   Code   RO         1650    .text.f_open        ff.o
    0x080067d2   0x080067d2   0x00000002   PAD
    0x080067d4   0x080067d4   0x0000014c   Code   RO         1664    .text.f_sync        ff.o
    0x08006920   0x08006920   0x00000348   Code   RO         1660    .text.f_write       ff.o
    0x08006c68   0x08006c68   0x000006b4   Code   RO         1648    .text.find_volume   ff.o
    0x0800731c   0x0800731c   0x00000520   Code   RO         1652    .text.follow_path   ff.o
    0x0800783c   0x0800783c   0x00000300   Code   RO         1656    .text.get_fat       ff.o
    0x08007b3c   0x08007b3c   0x00000004   Code   RO          197    .text.get_fattime   fatfs.o
    0x08007b40   0x08007b40   0x00000144   Code   RO           41    .text.main          main.o
    0x08007c84   0x08007c84   0x00000324   Code   RO           45    .text.printf_fatfs_error  main.o
    0x08007fa8   0x08007fa8   0x0000036e   Code   RO         1702    .text.put_fat       ff.o
    0x08008316   0x08008316   0x00000002   PAD
    0x08008318   0x08008318   0x000000cc   Code   RO         1666    .text.sync_fs       ff.o
    0x080083e4   0x080083e4   0x0000001a   Code   RO         1861    x$fpl$fpinit        fz_wm.l(fpinit.o)
    0x080083fe   0x080083fe   0x00000010   Data   RO         1615    .rodata.AHBPrescTable  system_stm32l4xx.o
    0x0800840e   0x0800840e   0x00000008   Data   RO         1616    .rodata.APBPrescTable  system_stm32l4xx.o
    0x08008416   0x08008416   0x00000080   Data   RO         1704    .rodata.ExCvt       ff.o
    0x08008496   0x08008496   0x00000002   PAD
    0x08008498   0x08008498   0x00000030   Data   RO         1617    .rodata.MSIRangeTable  system_stm32l4xx.o
    0x080084c8   0x080084c8   0x00000010   Data   RO         1571    .rodata.cst16       stm32l4xx_hal_uart.o
    0x080084d8   0x080084d8   0x00000279   Data   RO           52    .rodata.str1.1      main.o
    0x08008751   0x08008751   0x0000000f   Data   RO         1705    .rodata.str1.1      ff.o
    0x08008760   0x08008760   0x00000020   Data   RO         1922    Region$$Table       anon$$obj.o


    Execution Region RW_IRAM2 (Exec base: 0x10000000, Load base: 0x080087a8, Size: 0x00000000, Max: 0x00008000, ABSOLUTE)

    **** No section assigned to this execution region ****


    Execution Region RW_IRAM1 (Exec base: 0x20000000, Load base: 0x08008780, Size: 0x00002898, Max: 0x00018000, ABSOLUTE)

    Exec Addr    Load Addr    Size         Type   Attr      Idx    E Section Name        Object

    0x20000000   0x08008780   0x00000008   Data   RW          280    .data..L_MergedGlobals  stm32l4xx_hal.o
    0x20000008   0x08008788   0x00000001   Data   RW           29    .data.Stat          fatfs_sd.o
    0x20000009   0x08008789   0x00000003   PAD
    0x2000000c   0x0800878c   0x00000004   Data   RW         1614    .data.SystemCoreClock  system_stm32l4xx.o
    0x20000010   0x08008790   0x00000014   Data   RW          187    .data.USER_Driver   user_diskio.o
    0x20000024   0x080087a4   0x00000004   PAD
    0x20000028        -       0x00000060   Zero   RW         1789    .bss                c_w.l(libspace.o)
    0x20000088        -       0x00000002   Zero   RW           30    .bss..L_MergedGlobals  fatfs_sd.o
    0x2000008a   0x080087a4   0x00000002   PAD
    0x2000008c        -       0x00000008   Zero   RW           61    .bss..L_MergedGlobals  main.o
    0x20000094        -       0x00000006   Zero   RW          161    .bss..L_MergedGlobals  stm32l4xx_it.o
    0x2000009a        -       0x00000005   Zero   RW          201    .bss..L_MergedGlobals  fatfs.o
    0x2000009f   0x080087a4   0x00000001   PAD
    0x200000a0        -       0x00000028   Zero   RW         1706    .bss..L_MergedGlobals  ff.o
    0x200000c8        -       0x0000000c   Zero   RW         1725    .bss.disk           ff_gen_drv.o
    0x200000d4        -       0x00001030   Zero   RW           51    .bss.fil            main.o
    0x20001104        -       0x00001034   Zero   RW           50    .bss.fs             main.o
    0x20002138        -       0x00000024   Zero   RW           85    .bss.hrtc           rtc.o
    0x2000215c        -       0x00000064   Zero   RW          100    .bss.hspi2          spi.o
    0x200021c0        -       0x0000004c   Zero   RW          115    .bss.htim3          tim.o
    0x2000220c        -       0x00000084   Zero   RW          130    .bss.huart1         usart.o
    0x20002290        -       0x00000004   Zero   RW          279    .bss.uwTick         stm32l4xx_hal.o
    0x20002294   0x080087a4   0x00000004   PAD
    0x20002298        -       0x00000200   Zero   RW            2    HEAP                startup_stm32l475xx.o
    0x20002498        -       0x00000400   Zero   RW            1    STACK               startup_stm32l475xx.o


==============================================================================

Image component sizes


      Code (inc. data)   RO Data    RW Data    ZI Data      Debug   Object Name

       144          0          0          0          0       1885   diskio.o
        32          0          0          0          5       1967   fatfs.o
      8492         28          0          1          2      24374   fatfs_sd.o
      9120          0        143          0         40      81116   ff.o
        76          0          0          0         12       3312   ff_gen_drv.o
       244          0          0          0          0       2440   gpio.o
      1306        298        633          0       8300       9647   main.o
       218          0          0          0         36       5378   rtc.o
       184          0          0          0        100       5091   spi.o
        64         26        392          0       1536        852   startup_stm32l475xx.o
       146          0          0          8          4       8839   stm32l4xx_hal.o
       194          0          0          0          0      10561   stm32l4xx_hal_cortex.o
       524          0          0          0          0       5752   stm32l4xx_hal_gpio.o
        50          0          0          0          0       1572   stm32l4xx_hal_msp.o
        18          0          0          0          0       5477   stm32l4xx_hal_pwr.o
       168          0          0          0          0       9971   stm32l4xx_hal_pwr_ex.o
      2820          0          0          0          0      12065   stm32l4xx_hal_rcc.o
      1706          8          0          0          0      14313   stm32l4xx_hal_rcc_ex.o
      1076          0          0          0          0      15934   stm32l4xx_hal_rtc.o
      2254          0          0          0          0      28689   stm32l4xx_hal_spi.o
      1234          0          0          0          0      59817   stm32l4xx_hal_tim.o
       196          0          0          0          0      23349   stm32l4xx_hal_tim_ex.o
      1794         48         16          0          0      35630   stm32l4xx_hal_uart.o
        82          0          0          0          6       4730   stm32l4xx_it.o
        18          0         72          4          0       2956   system_stm32l4xx.o
       194          0          0          0         76       7394   tim.o
       214          0          0          0        132       6536   usart.o
        20          0          0         20          0       2014   user_diskio.o

    ----------------------------------------------------------------------
     32704        408       1290         36      10260     391661   Object Totals
         0          0         32          0          0          0   (incl. Generated)
       116          0          2          3         11          0   (incl. Padding)

    ----------------------------------------------------------------------

      Code (inc. data)   RO Data    RW Data    ZI Data      Debug   Library Member Name

         8          0          0          0          0         68   __main.o
         0          0          0          0          0          0   __rtentry.o
        12          0          0          0          0          0   __rtentry2.o
         6          0          0          0          0          0   __rtentry4.o
        52          8          0          0          0          0   __scatter.o
        26          0          0          0          0          0   __scatter_copy.o
        28          0          0          0          0          0   __scatter_zi.o
        18          0          0          0          0         80   exit.o
         6          0          0          0          0        152   heapauxi.o
         0          0          0          0          0          0   indicate_semi.o
         2          0          0          0          0          0   libinit.o
         6          0          0          0          0          0   libinit2.o
         2          0          0          0          0          0   libshutdown.o
         2          0          0          0          0          0   libshutdown2.o
         8          4          0          0         96         68   libspace.o
       240          0          0          0          0        100   lludivv7m.o
        68          0          0          0          0         68   rt_memclr.o
        78          0          0          0          0         80   rt_memclr_w.o
         2          0          0          0          0          0   rtexit.o
        10          0          0          0          0          0   rtexit2.o
        12          4          0          0          0         68   sys_exit.o
        74          0          0          0          0         80   sys_stackheap_outer.o
         2          0          0          0          0         68   use_no_semi.o
        26          0          0          0          0        116   fpinit.o

    ----------------------------------------------------------------------
       694         16          0          0         96        948   Library Totals
         6          0          0          0          0          0   (incl. Padding)

    ----------------------------------------------------------------------

      Code (inc. data)   RO Data    RW Data    ZI Data      Debug   Library Name

       662         16          0          0         96        832   c_w.l
        26          0          0          0          0        116   fz_wm.l

    ----------------------------------------------------------------------
       694         16          0          0         96        948   Library Totals

    ----------------------------------------------------------------------

==============================================================================


      Code (inc. data)   RO Data    RW Data    ZI Data      Debug   

     33398        424       1290         36      10356     391777   Grand Totals
     33398        424       1290         36      10356     391777   ELF Image Totals
     33398        424       1290         36          0          0   ROM Totals

==============================================================================

    Total RO  Size (Code + RO Data)                34688 (  33.88kB)
    Total RW  Size (RW Data + ZI Data)             10392 (  10.15kB)
    Total ROM Size (Code + RO Data + RW Data)      34724 (  33.91kB)

==============================================================================

